
> mittpsyke@1.0.0 build
> vite build

[36mvite v6.4.3 [32mbuilding SSR bundle for production...[36m[39m
transforming...
[32m✓[39m 4149 modules transformed.
rendering chunks...
[36mvite v6.4.3 [32mbuilding for production...[36m[39m
transforming...
[32m✓[39m 4227 modules transformed.
rendering chunks...
computing gzip size...
[2m.svelte-kit/output/client/[22m[32m_app/version.json                                          [39m[1m[2m  0.03 kB[22m[1m[22m[2m │ gzip:  0.05 kB[22m
[2m.svelte-kit/output/client/[22m[32m.vite/manifest.json                                        [39m[1m[2m 77.84 kB[22m[1m[22m[2m │ gzip:  7.21 kB[22m
[2m.svelte-kit/output/client/[22m[35m_app/immutable/assets/92.CRw1-GSV.css                      [39m[1m[2m  0.11 kB[22m[1m[22m[2m │ gzip:  0.08 kB[22m
[2m.svelte-kit/output/client/[22m[35m_app/immutable/assets/61.-lHWupA3.css                      [39m[1m[2m  0.58 kB[22m[1m[22m[2m │ gzip:  0.28 kB[22m
[2m.svelte-kit/output/client/[22m[35m_app/immutable/assets/Breadcrumbs.CKqbtFMs.css             [39m[1m[2m  0.67 kB[22m[1m[22m[2m │ gzip:  0.36 kB[22m
[2m.svelte-kit/output/client/[22m[35m_app/immutable/assets/57.vbItwKzU.css                      [39m[1m[2m  0.80 kB[22m[1m[22m[2m │ gzip:  0.34 kB[22m
[2m.svelte-kit/output/client/[22m[35m_app/immutable/assets/13.BHTpa-xo.css                      [39m[1m[2m  0.82 kB[22m[1m[22m[2m │ gzip:  0.37 kB[22m
[2m.svelte-kit/output/client/[22m[35m_app/immutable/assets/46.CYZf52ag.css                      [39m[1m[2m  0.82 kB[22m[1m[22m[2m │ gzip:  0.37 kB[22m
[2m.svelte-kit/output/client/[22m[35m_app/immutable/assets/47.DweMgd19.css                      [39m[1m[2m  0.87 kB[22m[1m[22m[2m │ gzip:  0.39 kB[22m
[2m.svelte-kit/output/client/[22m[35m_app/immutable/assets/93.CNJSzzYH.css                      [39m[1m[2m  0.92 kB[22m[1m[22m[2m │ gzip:  0.35 kB[22m
[2m.svelte-kit/output/client/[22m[35m_app/immutable/assets/17.TBwUXgS0.css                      [39m[1m[2m  0.94 kB[22m[1m[22m[2m │ gzip:  0.35 kB[22m
[2m.svelte-kit/output/client/[22m[35m_app/immutable/assets/89.D0NJlkp9.css                      [39m[1m[2m  0.94 kB[22m[1m[22m[2m │ gzip:  0.35 kB[22m
[2m.svelte-kit/output/client/[22m[35m_app/immutable/assets/72.DZUSafJ5.css                      [39m[1m[2m  0.95 kB[22m[1m[22m[2m │ gzip:  0.35 kB[22m
[2m.svelte-kit/output/client/[22m[35m_app/immutable/assets/106.D6xkiEn9.css                     [39m[1m[2m  1.01 kB[22m[1m[22m[2m │ gzip:  0.35 kB[22m
[2m.svelte-kit/output/client/[22m[35m_app/immutable/assets/19.1mNB7Iqx.css                      [39m[1m[2m  1.09 kB[22m[1m[22m[2m │ gzip:  0.45 kB[22m
[2m.svelte-kit/output/client/[22m[35m_app/immutable/assets/PublicTrustPanel.B8kjyz1I.css        [39m[1m[2m  1.10 kB[22m[1m[22m[2m │ gzip:  0.43 kB[22m
[2m.svelte-kit/output/client/[22m[35m_app/immutable/assets/55.DPUYtbkN.css                      [39m[1m[2m  1.10 kB[22m[1m[22m[2m │ gzip:  0.45 kB[22m
[2m.svelte-kit/output/client/[22m[35m_app/immutable/assets/HealthConsent.BJ3cpkCf.css           [39m[1m[2m  1.14 kB[22m[1m[22m[2m │ gzip:  0.51 kB[22m
[2m.svelte-kit/output/client/[22m[35m_app/immutable/assets/UserAvatar.CBW_Cwwe.css              [39m[1m[2m  1.19 kB[22m[1m[22m[2m │ gzip:  0.46 kB[22m
[2m.svelte-kit/output/client/[22m[35m_app/immutable/assets/76.Byfsh6ve.css                      [39m[1m[2m  1.37 kB[22m[1m[22m[2m │ gzip:  0.55 kB[22m
[2m.svelte-kit/output/client/[22m[35m_app/immutable/assets/TopicGuideSection.BTXLl4X1.css       [39m[1m[2m  1.45 kB[22m[1m[22m[2m │ gzip:  0.55 kB[22m
[2m.svelte-kit/output/client/[22m[35m_app/immutable/assets/HomeSafetyStrip.C7-5dUUS.css         [39m[1m[2m  1.47 kB[22m[1m[22m[2m │ gzip:  0.57 kB[22m
[2m.svelte-kit/output/client/[22m[35m_app/immutable/assets/ContentTrustBlock.DCFFSnk1.css       [39m[1m[2m  1.48 kB[22m[1m[22m[2m │ gzip:  0.50 kB[22m
[2m.svelte-kit/output/client/[22m[35m_app/immutable/assets/3.B-jfgRvD.css                       [39m[1m[2m  1.50 kB[22m[1m[22m[2m │ gzip:  0.60 kB[22m
[2m.svelte-kit/output/client/[22m[35m_app/immutable/assets/63.D5aDcn_C.css                      [39m[1m[2m  1.52 kB[22m[1m[22m[2m │ gzip:  0.60 kB[22m
[2m.svelte-kit/output/client/[22m[35m_app/immutable/assets/70.DQ87e9H2.css                      [39m[1m[2m  1.54 kB[22m[1m[22m[2m │ gzip:  0.64 kB[22m
[2m.svelte-kit/output/client/[22m[35m_app/immutable/assets/99.FnJPFGJq.css                      [39m[1m[2m  1.56 kB[22m[1m[22m[2m │ gzip:  0.51 kB[22m
[2m.svelte-kit/output/client/[22m[35m_app/immutable/assets/35.BBKZHKBs.css                      [39m[1m[2m  1.60 kB[22m[1m[22m[2m │ gzip:  0.51 kB[22m
[2m.svelte-kit/output/client/[22m[35m_app/immutable/assets/36.j4rP6mRs.css                      [39m[1m[2m  1.61 kB[22m[1m[22m[2m │ gzip:  0.49 kB[22m
[2m.svelte-kit/output/client/[22m[35m_app/immutable/assets/SeoPillarLanding.Bk534H8W.css        [39m[1m[2m  1.70 kB[22m[1m[22m[2m │ gzip:  0.57 kB[22m
[2m.svelte-kit/output/client/[22m[35m_app/immutable/assets/seo-support-pages.D2wpNowZ.css       [39m[1m[2m  1.72 kB[22m[1m[22m[2m │ gzip:  0.67 kB[22m
[2m.svelte-kit/output/client/[22m[35m_app/immutable/assets/54.D1Q3X5Dc.css                      [39m[1m[2m  1.77 kB[22m[1m[22m[2m │ gzip:  0.67 kB[22m
[2m.svelte-kit/output/client/[22m[35m_app/immutable/assets/15.BvvnwcZF.css                      [39m[1m[2m  1.82 kB[22m[1m[22m[2m │ gzip:  0.69 kB[22m
[2m.svelte-kit/output/client/[22m[35m_app/immutable/assets/28.BTC5HCQn.css                      [39m[1m[2m  1.83 kB[22m[1m[22m[2m │ gzip:  0.63 kB[22m
[2m.svelte-kit/output/client/[22m[35m_app/immutable/assets/53.CQobHktB.css                      [39m[1m[2m  1.86 kB[22m[1m[22m[2m │ gzip:  0.73 kB[22m
[2m.svelte-kit/output/client/[22m[35m_app/immutable/assets/GuideActionCta.Do0N1_5I.css          [39m[1m[2m  2.12 kB[22m[1m[22m[2m │ gzip:  0.63 kB[22m
[2m.svelte-kit/output/client/[22m[35m_app/immutable/assets/96.BfDh6igW.css                      [39m[1m[2m  2.14 kB[22m[1m[22m[2m │ gzip:  0.74 kB[22m
[2m.svelte-kit/output/client/[22m[35m_app/immutable/assets/49.CWb-jMCv.css                      [39m[1m[2m  2.20 kB[22m[1m[22m[2m │ gzip:  0.77 kB[22m
[2m.svelte-kit/output/client/[22m[35m_app/immutable/assets/95.CNdVQNXm.css                      [39m[1m[2m  2.23 kB[22m[1m[22m[2m │ gzip:  0.77 kB[22m
[2m.svelte-kit/output/client/[22m[35m_app/immutable/assets/101.BO3jcqFW.css                     [39m[1m[2m  2.24 kB[22m[1m[22m[2m │ gzip:  0.81 kB[22m
[2m.svelte-kit/output/client/[22m[35m_app/immutable/assets/9.ColgIQci.css                       [39m[1m[2m  2.27 kB[22m[1m[22m[2m │ gzip:  0.78 kB[22m
[2m.svelte-kit/output/client/[22m[35m_app/immutable/assets/6.CnWt7NEV.css                       [39m[1m[2m  2.27 kB[22m[1m[22m[2m │ gzip:  0.77 kB[22m
[2m.svelte-kit/output/client/[22m[35m_app/immutable/assets/ActivityHeatmap.H27PuzMj.css         [39m[1m[2m  2.30 kB[22m[1m[22m[2m │ gzip:  0.73 kB[22m
[2m.svelte-kit/output/client/[22m[35m_app/immutable/assets/100.B2nzd8JE.css                     [39m[1m[2m  2.33 kB[22m[1m[22m[2m │ gzip:  0.80 kB[22m
[2m.svelte-kit/output/client/[22m[35m_app/immutable/assets/21.Bcn2Zh4L.css                      [39m[1m[2m  2.33 kB[22m[1m[22m[2m │ gzip:  0.77 kB[22m
[2m.svelte-kit/output/client/[22m[35m_app/immutable/assets/104.u9NJw2V_.css                     [39m[1m[2m  2.35 kB[22m[1m[22m[2m │ gzip:  0.80 kB[22m
[2m.svelte-kit/output/client/[22m[35m_app/immutable/assets/5.BdoBHm48.css                       [39m[1m[2m  2.37 kB[22m[1m[22m[2m │ gzip:  0.72 kB[22m
[2m.svelte-kit/output/client/[22m[35m_app/immutable/assets/44.C9LeUbgy.css                      [39m[1m[2m  2.42 kB[22m[1m[22m[2m │ gzip:  0.77 kB[22m
[2m.svelte-kit/output/client/[22m[35m_app/immutable/assets/7.arYl2Cl8.css                       [39m[1m[2m  2.42 kB[22m[1m[22m[2m │ gzip:  0.85 kB[22m
[2m.svelte-kit/output/client/[22m[35m_app/immutable/assets/1.B4sXQ_Sb.css                       [39m[1m[2m  2.56 kB[22m[1m[22m[2m │ gzip:  0.79 kB[22m
[2m.svelte-kit/output/client/[22m[35m_app/immutable/assets/107.DXjun1aj.css                     [39m[1m[2m  2.56 kB[22m[1m[22m[2m │ gzip:  0.84 kB[22m
[2m.svelte-kit/output/client/[22m[35m_app/immutable/assets/14.BH6ankP1.css                      [39m[1m[2m  2.62 kB[22m[1m[22m[2m │ gzip:  0.82 kB[22m
[2m.svelte-kit/output/client/[22m[35m_app/immutable/assets/67.DBDaOvDv.css                      [39m[1m[2m  2.70 kB[22m[1m[22m[2m │ gzip:  1.06 kB[22m
[2m.svelte-kit/output/client/[22m[35m_app/immutable/assets/BlogArticle.Qtfcp_O2.css             [39m[1m[2m  2.83 kB[22m[1m[22m[2m │ gzip:  0.87 kB[22m
[2m.svelte-kit/output/client/[22m[35m_app/immutable/assets/66.gVWWaR75.css                      [39m[1m[2m  3.01 kB[22m[1m[22m[2m │ gzip:  1.01 kB[22m
[2m.svelte-kit/output/client/[22m[35m_app/immutable/assets/75.DEG3sXdD.css                      [39m[1m[2m  3.02 kB[22m[1m[22m[2m │ gzip:  0.96 kB[22m
[2m.svelte-kit/output/client/[22m[35m_app/immutable/assets/79.DHi8U5--.css                      [39m[1m[2m  3.02 kB[22m[1m[22m[2m │ gzip:  0.96 kB[22m
[2m.svelte-kit/output/client/[22m[35m_app/immutable/assets/48.BbpJ8mUw.css                      [39m[1m[2m  3.06 kB[22m[1m[22m[2m │ gzip:  0.96 kB[22m
[2m.svelte-kit/output/client/[22m[35m_app/immutable/assets/83.57AdouFA.css                      [39m[1m[2m  3.06 kB[22m[1m[22m[2m │ gzip:  0.96 kB[22m
[2m.svelte-kit/output/client/[22m[35m_app/immutable/assets/97.SDeaADdd.css                      [39m[1m[2m  3.06 kB[22m[1m[22m[2m │ gzip:  0.96 kB[22m
[2m.svelte-kit/output/client/[22m[35m_app/immutable/assets/71.CZ2lq8Tz.css                      [39m[1m[2m  3.06 kB[22m[1m[22m[2m │ gzip:  0.96 kB[22m
[2m.svelte-kit/output/client/[22m[35m_app/immutable/assets/45.eCyvWzYh.css                      [39m[1m[2m  3.10 kB[22m[1m[22m[2m │ gzip:  0.96 kB[22m
[2m.svelte-kit/output/client/[22m[35m_app/immutable/assets/65.j95mvzNs.css                      [39m[1m[2m  3.11 kB[22m[1m[22m[2m │ gzip:  1.01 kB[22m
[2m.svelte-kit/output/client/[22m[35m_app/immutable/assets/86.DOYEexSy.css                      [39m[1m[2m  3.16 kB[22m[1m[22m[2m │ gzip:  0.98 kB[22m
[2m.svelte-kit/output/client/[22m[35m_app/immutable/assets/80.Bkw_kQP1.css                      [39m[1m[2m  3.19 kB[22m[1m[22m[2m │ gzip:  0.95 kB[22m
[2m.svelte-kit/output/client/[22m[35m_app/immutable/assets/81.C0wmuk1Q.css                      [39m[1m[2m  3.23 kB[22m[1m[22m[2m │ gzip:  0.83 kB[22m
[2m.svelte-kit/output/client/[22m[35m_app/immutable/assets/51.B6AINd5k.css                      [39m[1m[2m  3.66 kB[22m[1m[22m[2m │ gzip:  1.05 kB[22m
[2m.svelte-kit/output/client/[22m[35m_app/immutable/assets/38.CBZWLMuL.css                      [39m[1m[2m  3.71 kB[22m[1m[22m[2m │ gzip:  1.00 kB[22m
[2m.svelte-kit/output/client/[22m[35m_app/immutable/assets/88.BT-Qc5qz.css                      [39m[1m[2m  3.79 kB[22m[1m[22m[2m │ gzip:  1.11 kB[22m
[2m.svelte-kit/output/client/[22m[35m_app/immutable/assets/78.BsNBf_mO.css                      [39m[1m[2m  3.91 kB[22m[1m[22m[2m │ gzip:  0.92 kB[22m
[2m.svelte-kit/output/client/[22m[35m_app/immutable/assets/DiaryHero.B6S7kmXr.css               [39m[1m[2m  4.03 kB[22m[1m[22m[2m │ gzip:  1.19 kB[22m
[2m.svelte-kit/output/client/[22m[35m_app/immutable/assets/50.DzWFA3Li.css                      [39m[1m[2m  4.31 kB[22m[1m[22m[2m │ gzip:  1.18 kB[22m
[2m.svelte-kit/output/client/[22m[35m_app/immutable/assets/105.AtU93ydG.css                     [39m[1m[2m  4.47 kB[22m[1m[22m[2m │ gzip:  1.19 kB[22m
[2m.svelte-kit/output/client/[22m[35m_app/immutable/assets/11.BBXeY56C.css                      [39m[1m[2m  4.60 kB[22m[1m[22m[2m │ gzip:  1.30 kB[22m
[2m.svelte-kit/output/client/[22m[35m_app/immutable/assets/10.Bcmw9hcy.css                      [39m[1m[2m  4.94 kB[22m[1m[22m[2m │ gzip:  1.25 kB[22m
[2m.svelte-kit/output/client/[22m[35m_app/immutable/assets/24.ELLWlsop.css                      [39m[1m[2m  5.22 kB[22m[1m[22m[2m │ gzip:  1.43 kB[22m
[2m.svelte-kit/output/client/[22m[35m_app/immutable/assets/29.Cjm4f6Ff.css                      [39m[1m[2m  5.44 kB[22m[1m[22m[2m │ gzip:  1.43 kB[22m
[2m.svelte-kit/output/client/[22m[35m_app/immutable/assets/DiaryNarrativeInsights.DifPpi6w.css  [39m[1m[2m  6.15 kB[22m[1m[22m[2m │ gzip:  1.54 kB[22m
[2m.svelte-kit/output/client/[22m[35m_app/immutable/assets/4.B9KYIIQk.css                       [39m[1m[2m  6.50 kB[22m[1m[22m[2m │ gzip:  1.65 kB[22m
[2m.svelte-kit/output/client/[22m[35m_app/immutable/assets/8.C-V8lWdj.css                       [39m[1m[2m  6.92 kB[22m[1m[22m[2m │ gzip:  1.91 kB[22m
[2m.svelte-kit/output/client/[22m[35m_app/immutable/assets/39.DbPzwqpZ.css                      [39m[1m[2m  6.94 kB[22m[1m[22m[2m │ gzip:  1.59 kB[22m
[2m.svelte-kit/output/client/[22m[35m_app/immutable/assets/37.BogGjWcK.css                      [39m[1m[2m  8.47 kB[22m[1m[22m[2m │ gzip:  2.02 kB[22m
[2m.svelte-kit/output/client/[22m[35m_app/immutable/assets/77.C0Yp77FZ.css                      [39m[1m[2m  8.82 kB[22m[1m[22m[2m │ gzip:  1.87 kB[22m
[2m.svelte-kit/output/client/[22m[35m_app/immutable/assets/42.Cbth12Oo.css                      [39m[1m[2m 10.60 kB[22m[1m[22m[2m │ gzip:  1.80 kB[22m
[2m.svelte-kit/output/client/[22m[35m_app/immutable/assets/43.CPDcnquJ.css                      [39m[1m[2m 13.23 kB[22m[1m[22m[2m │ gzip:  2.95 kB[22m
[2m.svelte-kit/output/client/[22m[35m_app/immutable/assets/30.DuXGEAa8.css                      [39m[1m[2m 13.46 kB[22m[1m[22m[2m │ gzip:  2.80 kB[22m
[2m.svelte-kit/output/client/[22m[35m_app/immutable/assets/LivingWorld.42fkk5z_.css             [39m[1m[2m 14.95 kB[22m[1m[22m[2m │ gzip:  3.77 kB[22m
[2m.svelte-kit/output/client/[22m[35m_app/immutable/assets/52.B7ISCdYh.css                      [39m[1m[2m 18.93 kB[22m[1m[22m[2m │ gzip:  4.46 kB[22m
[2m.svelte-kit/output/client/[22m[35m_app/immutable/assets/41.TKkLHALi.css                      [39m[1m[2m 24.14 kB[22m[1m[22m[2m │ gzip:  5.12 kB[22m
[2m.svelte-kit/output/client/[22m[35m_app/immutable/assets/2.DgfTgMrd.css                       [39m[1m[2m 35.00 kB[22m[1m[22m[2m │ gzip:  7.03 kB[22m
[2m.svelte-kit/output/client/[22m[35m_app/immutable/assets/40.CARBfF29.css                      [39m[1m[2m 36.52 kB[22m[1m[22m[2m │ gzip:  6.60 kB[22m
[2m.svelte-kit/output/client/[22m[35m_app/immutable/assets/0.Ds190fN2.css                       [39m[1m[2m 80.12 kB[22m[1m[22m[2m │ gzip: 14.64 kB[22m
[2m.svelte-kit/output/client/[22m[36m_app/immutable/chunks/DV00vYa7.js                          [39m[1m[2m  0.04 kB[22m[1m[22m[2m │ gzip:  0.06 kB[22m
[2m.svelte-kit/output/client/[22m[36m_app/immutable/chunks/BcVLQcGm.js                          [39m[1m[2m  0.05 kB[22m[1m[22m[2m │ gzip:  0.07 kB[22m
[2m.svelte-kit/output/client/[22m[36m_app/immutable/chunks/DoIOu5ZC.js                          [39m[1m[2m  0.06 kB[22m[1m[22m[2m │ gzip:  0.08 kB[22m
[2m.svelte-kit/output/client/[22m[36m_app/immutable/chunks/Bmqg9jCm.js                          [39m[1m[2m  0.07 kB[22m[1m[22m[2m │ gzip:  0.09 kB[22m
[2m.svelte-kit/output/client/[22m[36m_app/immutable/entry/start.BOKguSy5.js                     [39m[1m[2m  0.08 kB[22m[1m[22m[2m │ gzip:  0.09 kB[22m
[2m.svelte-kit/output/client/[22m[36m_app/immutable/chunks/Bzak7iHL.js                          [39m[1m[2m  0.10 kB[22m[1m[22m[2m │ gzip:  0.10 kB[22m
[2m.svelte-kit/output/client/[22m[36m_app/immutable/chunks/0QWEOWhR.js                          [39m[1m[2m  0.14 kB[22m[1m[22m[2m │ gzip:  0.14 kB[22m
[2m.svelte-kit/output/client/[22m[36m_app/immutable/chunks/B0hI5iWL.js                          [39m[1m[2m  0.14 kB[22m[1m[22m[2m │ gzip:  0.12 kB[22m
[2m.svelte-kit/output/client/[22m[36m_app/immutable/chunks/CNqTe_xF.js                          [39m[1m[2m  0.19 kB[22m[1m[22m[2m │ gzip:  0.17 kB[22m
[2m.svelte-kit/output/client/[22m[36m_app/immutable/nodes/59.DR8r_VgU.js                        [39m[1m[2m  0.22 kB[22m[1m[22m[2m │ gzip:  0.20 kB[22m
[2m.svelte-kit/output/client/[22m[36m_app/immutable/chunks/CHwx93O0.js                          [39m[1m[2m  0.23 kB[22m[1m[22m[2m │ gzip:  0.16 kB[22m
[2m.svelte-kit/output/client/[22m[36m_app/immutable/chunks/DBq5GTct.js                          [39m[1m[2m  0.23 kB[22m[1m[22m[2m │ gzip:  0.16 kB[22m
[2m.svelte-kit/output/client/[22m[36m_app/immutable/chunks/CIRrbBAw.js                          [39m[1m[2m  0.33 kB[22m[1m[22m[2m │ gzip:  0.26 kB[22m
[2m.svelte-kit/output/client/[22m[36m_app/immutable/chunks/BFGYRzwp.js                          [39m[1m[2m  0.37 kB[22m[1m[22m[2m │ gzip:  0.26 kB[22m
[2m.svelte-kit/output/client/[22m[36m_app/immutable/chunks/Bfwj_3dG.js                          [39m[1m[2m  0.40 kB[22m[1m[22m[2m │ gzip:  0.29 kB[22m
[2m.svelte-kit/output/client/[22m[36m_app/immutable/chunks/DZGxl-TH.js                          [39m[1m[2m  0.40 kB[22m[1m[22m[2m │ gzip:  0.29 kB[22m
[2m.svelte-kit/output/client/[22m[36m_app/immutable/chunks/32CIqk8l.js                          [39m[1m[2m  0.45 kB[22m[1m[22m[2m │ gzip:  0.30 kB[22m
[2m.svelte-kit/output/client/[22m[36m_app/immutable/chunks/DG37zlH3.js                          [39m[1m[2m  0.48 kB[22m[1m[22m[2m │ gzip:  0.30 kB[22m
[2m.svelte-kit/output/client/[22m[36m_app/immutable/nodes/12.2rDLRyKf.js                        [39m[1m[2m  0.49 kB[22m[1m[22m[2m │ gzip:  0.32 kB[22m
[2m.svelte-kit/output/client/[22m[36m_app/immutable/nodes/31.sfEyn9hv.js                        [39m[1m[2m  0.50 kB[22m[1m[22m[2m │ gzip:  0.32 kB[22m
[2m.svelte-kit/output/client/[22m[36m_app/immutable/nodes/85.BxTUVKmL.js                        [39m[1m[2m  0.51 kB[22m[1m[22m[2m │ gzip:  0.32 kB[22m
[2m.svelte-kit/output/client/[22m[36m_app/immutable/chunks/K7ulSnAQ.js                          [39m[1m[2m  0.51 kB[22m[1m[22m[2m │ gzip:  0.35 kB[22m
[2m.svelte-kit/output/client/[22m[36m_app/immutable/nodes/103.BNXOYBUa.js                       [39m[1m[2m  0.51 kB[22m[1m[22m[2m │ gzip:  0.32 kB[22m
[2m.svelte-kit/output/client/[22m[36m_app/immutable/chunks/Cshfzz5M.js                          [39m[1m[2m  0.51 kB[22m[1m[22m[2m │ gzip:  0.28 kB[22m
[2m.svelte-kit/output/client/[22m[36m_app/immutable/nodes/102.fIBvdtRM.js                       [39m[1m[2m  0.51 kB[22m[1m[22m[2m │ gzip:  0.32 kB[22m
[2m.svelte-kit/output/client/[22m[36m_app/immutable/nodes/62.BM-fSp6g.js                        [39m[1m[2m  0.51 kB[22m[1m[22m[2m │ gzip:  0.32 kB[22m
[2m.svelte-kit/output/client/[22m[36m_app/immutable/nodes/87.ClZb5J_P.js                        [39m[1m[2m  0.51 kB[22m[1m[22m[2m │ gzip:  0.32 kB[22m
[2m.svelte-kit/output/client/[22m[36m_app/immutable/nodes/32.BZVGDzhW.js                        [39m[1m[2m  0.52 kB[22m[1m[22m[2m │ gzip:  0.33 kB[22m
[2m.svelte-kit/output/client/[22m[36m_app/immutable/nodes/16.DQdjPk2h.js                        [39m[1m[2m  0.52 kB[22m[1m[22m[2m │ gzip:  0.33 kB[22m
[2m.svelte-kit/output/client/[22m[36m_app/immutable/nodes/34.CEfK3Ik0.js                        [39m[1m[2m  0.52 kB[22m[1m[22m[2m │ gzip:  0.33 kB[22m
[2m.svelte-kit/output/client/[22m[36m_app/immutable/chunks/CYKrbB2p.js                          [39m[1m[2m  0.52 kB[22m[1m[22m[2m │ gzip:  0.34 kB[22m
[2m.svelte-kit/output/client/[22m[36m_app/immutable/nodes/94.BoXcIkmW.js                        [39m[1m[2m  0.52 kB[22m[1m[22m[2m │ gzip:  0.33 kB[22m
[2m.svelte-kit/output/client/[22m[36m_app/immutable/nodes/82.DoESlqZM.js                        [39m[1m[2m  0.53 kB[22m[1m[22m[2m │ gzip:  0.33 kB[22m
[2m.svelte-kit/output/client/[22m[36m_app/immutable/nodes/64.CuMvw8A9.js                        [39m[1m[2m  0.53 kB[22m[1m[22m[2m │ gzip:  0.33 kB[22m
[2m.svelte-kit/output/client/[22m[36m_app/immutable/chunks/D6Cu7FP2.js                          [39m[1m[2m  0.64 kB[22m[1m[22m[2m │ gzip:  0.40 kB[22m
[2m.svelte-kit/output/client/[22m[36m_app/immutable/chunks/D8h9FOQI.js                          [39m[1m[2m  0.64 kB[22m[1m[22m[2m │ gzip:  0.36 kB[22m
[2m.svelte-kit/output/client/[22m[36m_app/immutable/chunks/DkT8Cl1H.js                          [39m[1m[2m  0.64 kB[22m[1m[22m[2m │ gzip:  0.43 kB[22m
[2m.svelte-kit/output/client/[22m[36m_app/immutable/chunks/OA8UcISh.js                          [39m[1m[2m  0.64 kB[22m[1m[22m[2m │ gzip:  0.39 kB[22m
[2m.svelte-kit/output/client/[22m[36m_app/immutable/chunks/ApNIzjLi.js                          [39m[1m[2m  0.65 kB[22m[1m[22m[2m │ gzip:  0.41 kB[22m
[2m.svelte-kit/output/client/[22m[36m_app/immutable/chunks/CCWlAO5-.js                          [39m[1m[2m  0.73 kB[22m[1m[22m[2m │ gzip:  0.46 kB[22m
[2m.svelte-kit/output/client/[22m[36m_app/immutable/chunks/CgCRkTwP.js                          [39m[1m[2m  0.98 kB[22m[1m[22m[2m │ gzip:  0.58 kB[22m
[2m.svelte-kit/output/client/[22m[36m_app/immutable/nodes/19.Byn7NTOl.js                        [39m[1m[2m  1.01 kB[22m[1m[22m[2m │ gzip:  0.53 kB[22m
[2m.svelte-kit/output/client/[22m[36m_app/immutable/nodes/47.CLB9LhQJ.js                        [39m[1m[2m  1.05 kB[22m[1m[22m[2m │ gzip:  0.59 kB[22m
[2m.svelte-kit/output/client/[22m[36m_app/immutable/chunks/Nj0zWxcF.js                          [39m[1m[2m  1.06 kB[22m[1m[22m[2m │ gzip:  0.50 kB[22m
[2m.svelte-kit/output/client/[22m[36m_app/immutable/chunks/DsvmgN8N.js                          [39m[1m[2m  1.24 kB[22m[1m[22m[2m │ gzip:  0.69 kB[22m
[2m.svelte-kit/output/client/[22m[36m_app/immutable/nodes/58.CBK_YiDr.js                        [39m[1m[2m  1.25 kB[22m[1m[22m[2m │ gzip:  0.75 kB[22m
[2m.svelte-kit/output/client/[22m[36m_app/immutable/chunks/iA7VMaS9.js                          [39m[1m[2m  1.28 kB[22m[1m[22m[2m │ gzip:  0.53 kB[22m
[2m.svelte-kit/output/client/[22m[36m_app/immutable/chunks/wbPk3Yxo.js                          [39m[1m[2m  1.37 kB[22m[1m[22m[2m │ gzip:  0.66 kB[22m
[2m.svelte-kit/output/client/[22m[36m_app/immutable/chunks/Dn4eRdB5.js                          [39m[1m[2m  1.41 kB[22m[1m[22m[2m │ gzip:  0.78 kB[22m
[2m.svelte-kit/output/client/[22m[36m_app/immutable/nodes/84.BoVdTl5q.js                        [39m[1m[2m  1.51 kB[22m[1m[22m[2m │ gzip:  0.89 kB[22m
[2m.svelte-kit/output/client/[22m[36m_app/immutable/chunks/0PRwaCpr.js                          [39m[1m[2m  1.73 kB[22m[1m[22m[2m │ gzip:  0.84 kB[22m
[2m.svelte-kit/output/client/[22m[36m_app/immutable/chunks/sWYwWm1Q.js                          [39m[1m[2m  1.74 kB[22m[1m[22m[2m │ gzip:  0.73 kB[22m
[2m.svelte-kit/output/client/[22m[36m_app/immutable/chunks/sQM_rNuh.js                          [39m[1m[2m  1.77 kB[22m[1m[22m[2m │ gzip:  0.90 kB[22m
[2m.svelte-kit/output/client/[22m[36m_app/immutable/chunks/4UjwA3S1.js                          [39m[1m[2m  1.82 kB[22m[1m[22m[2m │ gzip:  0.80 kB[22m
[2m.svelte-kit/output/client/[22m[36m_app/immutable/chunks/Bczvz_5z.js                          [39m[1m[2m  1.88 kB[22m[1m[22m[2m │ gzip:  1.01 kB[22m
[2m.svelte-kit/output/client/[22m[36m_app/immutable/chunks/Cj-F_QWF.js                          [39m[1m[2m  1.95 kB[22m[1m[22m[2m │ gzip:  0.97 kB[22m
[2m.svelte-kit/output/client/[22m[36m_app/immutable/chunks/Cutl9VhZ.js                          [39m[1m[2m  1.97 kB[22m[1m[22m[2m │ gzip:  0.84 kB[22m
[2m.svelte-kit/output/client/[22m[36m_app/immutable/chunks/DpBWe-B-.js                          [39m[1m[2m  2.14 kB[22m[1m[22m[2m │ gzip:  1.04 kB[22m
[2m.svelte-kit/output/client/[22m[36m_app/immutable/nodes/53.C-8dqwY9.js                        [39m[1m[2m  2.24 kB[22m[1m[22m[2m │ gzip:  1.17 kB[22m
[2m.svelte-kit/output/client/[22m[36m_app/immutable/chunks/DT45p12v.js                          [39m[1m[2m  2.25 kB[22m[1m[22m[2m │ gzip:  0.99 kB[22m
[2m.svelte-kit/output/client/[22m[36m_app/immutable/chunks/DNXRZvG1.js                          [39m[1m[2m  2.26 kB[22m[1m[22m[2m │ gzip:  1.11 kB[22m
[2m.svelte-kit/output/client/[22m[36m_app/immutable/nodes/67.SmsEjVTG.js                        [39m[1m[2m  2.41 kB[22m[1m[22m[2m │ gzip:  1.24 kB[22m
[2m.svelte-kit/output/client/[22m[36m_app/immutable/chunks/ConVLSO3.js                          [39m[1m[2m  2.44 kB[22m[1m[22m[2m │ gzip:  1.29 kB[22m
[2m.svelte-kit/output/client/[22m[36m_app/immutable/chunks/za3AnRJp.js                          [39m[1m[2m  2.45 kB[22m[1m[22m[2m │ gzip:  1.22 kB[22m
[2m.svelte-kit/output/client/[22m[36m_app/immutable/nodes/35.D-vjxgJn.js                        [39m[1m[2m  2.49 kB[22m[1m[22m[2m │ gzip:  1.27 kB[22m
[2m.svelte-kit/output/client/[22m[36m_app/immutable/chunks/DNgrk1kB.js                          [39m[1m[2m  2.52 kB[22m[1m[22m[2m │ gzip:  1.23 kB[22m
[2m.svelte-kit/output/client/[22m[36m_app/immutable/chunks/BBepibw7.js                          [39m[1m[2m  2.52 kB[22m[1m[22m[2m │ gzip:  1.21 kB[22m
[2m.svelte-kit/output/client/[22m[36m_app/immutable/nodes/28.Chui5xha.js                        [39m[1m[2m  2.52 kB[22m[1m[22m[2m │ gzip:  1.25 kB[22m
[2m.svelte-kit/output/client/[22m[36m_app/immutable/nodes/1.O0kHqvDk.js                         [39m[1m[2m  2.56 kB[22m[1m[22m[2m │ gzip:  1.08 kB[22m
[2m.svelte-kit/output/client/[22m[36m_app/immutable/chunks/BSCZWO4I.js                          [39m[1m[2m  2.57 kB[22m[1m[22m[2m │ gzip:  1.16 kB[22m
[2m.svelte-kit/output/client/[22m[36m_app/immutable/nodes/80.9UXLXuE1.js                        [39m[1m[2m  2.79 kB[22m[1m[22m[2m │ gzip:  1.28 kB[22m
[2m.svelte-kit/output/client/[22m[36m_app/immutable/nodes/60.XgTjeuQe.js                        [39m[1m[2m  2.89 kB[22m[1m[22m[2m │ gzip:  1.25 kB[22m
[2m.svelte-kit/output/client/[22m[36m_app/immutable/nodes/66.CxIuzIXf.js                        [39m[1m[2m  2.99 kB[22m[1m[22m[2m │ gzip:  1.32 kB[22m
[2m.svelte-kit/output/client/[22m[36m_app/immutable/nodes/56.BGtrqhD2.js                        [39m[1m[2m  3.07 kB[22m[1m[22m[2m │ gzip:  1.33 kB[22m
[2m.svelte-kit/output/client/[22m[36m_app/immutable/nodes/21.tyRFRYHc.js                        [39m[1m[2m  3.12 kB[22m[1m[22m[2m │ gzip:  1.42 kB[22m
[2m.svelte-kit/output/client/[22m[36m_app/immutable/nodes/7.B9BkLv8k.js                         [39m[1m[2m  3.15 kB[22m[1m[22m[2m │ gzip:  1.43 kB[22m
[2m.svelte-kit/output/client/[22m[36m_app/immutable/nodes/98.IIiFUhEJ.js                        [39m[1m[2m  3.20 kB[22m[1m[22m[2m │ gzip:  1.40 kB[22m
[2m.svelte-kit/output/client/[22m[36m_app/immutable/nodes/96.CC-J6GO0.js                        [39m[1m[2m  3.26 kB[22m[1m[22m[2m │ gzip:  1.16 kB[22m
[2m.svelte-kit/output/client/[22m[36m_app/immutable/chunks/BBSMNM98.js                          [39m[1m[2m  3.31 kB[22m[1m[22m[2m │ gzip:  1.45 kB[22m
[2m.svelte-kit/output/client/[22m[36m_app/immutable/chunks/B0K761SF.js                          [39m[1m[2m  3.46 kB[22m[1m[22m[2m │ gzip:  1.60 kB[22m
[2m.svelte-kit/output/client/[22m[36m_app/immutable/nodes/46.D3G0uLz7.js                        [39m[1m[2m  3.53 kB[22m[1m[22m[2m │ gzip:  1.37 kB[22m
[2m.svelte-kit/output/client/[22m[36m_app/immutable/nodes/13.BI9SNfns.js                        [39m[1m[2m  3.64 kB[22m[1m[22m[2m │ gzip:  1.42 kB[22m
[2m.svelte-kit/output/client/[22m[36m_app/immutable/nodes/3.CY5zYfZ2.js                         [39m[1m[2m  3.69 kB[22m[1m[22m[2m │ gzip:  1.46 kB[22m
[2m.svelte-kit/output/client/[22m[36m_app/immutable/nodes/76.DaA67nXw.js                        [39m[1m[2m  3.76 kB[22m[1m[22m[2m │ gzip:  1.83 kB[22m
[2m.svelte-kit/output/client/[22m[36m_app/immutable/chunks/DetquD9b.js                          [39m[1m[2m  3.79 kB[22m[1m[22m[2m │ gzip:  1.65 kB[22m
[2m.svelte-kit/output/client/[22m[36m_app/immutable/nodes/107.D6Gz1Yh_.js                       [39m[1m[2m  3.83 kB[22m[1m[22m[2m │ gzip:  1.70 kB[22m
[2m.svelte-kit/output/client/[22m[36m_app/immutable/chunks/VJ8mYJmz.js                          [39m[1m[2m  3.83 kB[22m[1m[22m[2m │ gzip:  1.62 kB[22m
[2m.svelte-kit/output/client/[22m[36m_app/immutable/nodes/17.OjD2Tlu2.js                        [39m[1m[2m  3.86 kB[22m[1m[22m[2m │ gzip:  1.61 kB[22m
[2m.svelte-kit/output/client/[22m[36m_app/immutable/nodes/106.B5viuZbh.js                       [39m[1m[2m  4.00 kB[22m[1m[22m[2m │ gzip:  1.69 kB[22m
[2m.svelte-kit/output/client/[22m[36m_app/immutable/nodes/71.CvxtqW06.js                        [39m[1m[2m  4.04 kB[22m[1m[22m[2m │ gzip:  1.65 kB[22m
[2m.svelte-kit/output/client/[22m[36m_app/immutable/nodes/88.qJ90shkA.js                        [39m[1m[2m  4.08 kB[22m[1m[22m[2m │ gzip:  1.47 kB[22m
[2m.svelte-kit/output/client/[22m[36m_app/immutable/nodes/70.CxqY_guf.js                        [39m[1m[2m  4.10 kB[22m[1m[22m[2m │ gzip:  1.80 kB[22m
[2m.svelte-kit/output/client/[22m[36m_app/immutable/nodes/100.BkhvNy0-.js                       [39m[1m[2m  4.17 kB[22m[1m[22m[2m │ gzip:  1.84 kB[22m
[2m.svelte-kit/output/client/[22m[36m_app/immutable/nodes/101.2IhHSKLV.js                       [39m[1m[2m  4.25 kB[22m[1m[22m[2m │ gzip:  1.72 kB[22m
[2m.svelte-kit/output/client/[22m[36m_app/immutable/nodes/86.DlunsxgM.js                        [39m[1m[2m  4.25 kB[22m[1m[22m[2m │ gzip:  1.80 kB[22m
[2m.svelte-kit/output/client/[22m[36m_app/immutable/nodes/20.Cq5FjrrO.js                        [39m[1m[2m  4.25 kB[22m[1m[22m[2m │ gzip:  1.86 kB[22m
[2m.svelte-kit/output/client/[22m[36m_app/immutable/nodes/97.CO7M1gkM.js                        [39m[1m[2m  4.27 kB[22m[1m[22m[2m │ gzip:  1.76 kB[22m
[2m.svelte-kit/output/client/[22m[36m_app/immutable/nodes/99.BlsbQAYB.js                        [39m[1m[2m  4.40 kB[22m[1m[22m[2m │ gzip:  1.96 kB[22m
[2m.svelte-kit/output/client/[22m[36m_app/immutable/nodes/49.Dacjc7qy.js                        [39m[1m[2m  4.41 kB[22m[1m[22m[2m │ gzip:  1.67 kB[22m
[2m.svelte-kit/output/client/[22m[36m_app/immutable/nodes/6.DL5EdnvN.js                         [39m[1m[2m  4.45 kB[22m[1m[22m[2m │ gzip:  1.59 kB[22m
[2m.svelte-kit/output/client/[22m[36m_app/immutable/nodes/44.Cvi-yD5H.js                        [39m[1m[2m  4.49 kB[22m[1m[22m[2m │ gzip:  2.08 kB[22m
[2m.svelte-kit/output/client/[22m[36m_app/immutable/chunks/3tTgGInn.js                          [39m[1m[2m  4.51 kB[22m[1m[22m[2m │ gzip:  2.10 kB[22m
[2m.svelte-kit/output/client/[22m[36m_app/immutable/nodes/9.-y5MtEdU.js                         [39m[1m[2m  4.52 kB[22m[1m[22m[2m │ gzip:  1.66 kB[22m
[2m.svelte-kit/output/client/[22m[36m_app/immutable/nodes/104.DAb9WcEy.js                       [39m[1m[2m  4.52 kB[22m[1m[22m[2m │ gzip:  2.07 kB[22m
[2m.svelte-kit/output/client/[22m[36m_app/immutable/nodes/105.DnOED0uf.js                       [39m[1m[2m  4.56 kB[22m[1m[22m[2m │ gzip:  1.49 kB[22m
[2m.svelte-kit/output/client/[22m[36m_app/immutable/nodes/75.Z3_-X1TD.js                        [39m[1m[2m  4.57 kB[22m[1m[22m[2m │ gzip:  1.94 kB[22m
[2m.svelte-kit/output/client/[22m[36m_app/immutable/nodes/15.gYjBUtdH.js                        [39m[1m[2m  4.67 kB[22m[1m[22m[2m │ gzip:  2.14 kB[22m
[2m.svelte-kit/output/client/[22m[36m_app/immutable/nodes/95.CTZkVZEV.js                        [39m[1m[2m  4.71 kB[22m[1m[22m[2m │ gzip:  1.74 kB[22m
[2m.svelte-kit/output/client/[22m[36m_app/immutable/nodes/48.yxV27p5q.js                        [39m[1m[2m  4.78 kB[22m[1m[22m[2m │ gzip:  2.06 kB[22m
[2m.svelte-kit/output/client/[22m[36m_app/immutable/nodes/79.Bhwm-9Mj.js                        [39m[1m[2m  4.85 kB[22m[1m[22m[2m │ gzip:  2.10 kB[22m
[2m.svelte-kit/output/client/[22m[36m_app/immutable/nodes/63.BirDxiJo.js                        [39m[1m[2m  4.88 kB[22m[1m[22m[2m │ gzip:  1.93 kB[22m
[2m.svelte-kit/output/client/[22m[36m_app/immutable/nodes/65.v1zQP68t.js                        [39m[1m[2m  4.94 kB[22m[1m[22m[2m │ gzip:  2.14 kB[22m
[2m.svelte-kit/output/client/[22m[36m_app/immutable/chunks/BIbeg1Df.js                          [39m[1m[2m  5.01 kB[22m[1m[22m[2m │ gzip:  2.37 kB[22m
[2m.svelte-kit/output/client/[22m[36m_app/immutable/nodes/45.M-Lb4Nb_.js                        [39m[1m[2m  5.06 kB[22m[1m[22m[2m │ gzip:  2.09 kB[22m
[2m.svelte-kit/output/client/[22m[36m_app/immutable/nodes/81.Jolw-mp3.js                        [39m[1m[2m  5.20 kB[22m[1m[22m[2m │ gzip:  2.03 kB[22m
[2m.svelte-kit/output/client/[22m[36m_app/immutable/nodes/83.KjUsemcr.js                        [39m[1m[2m  5.22 kB[22m[1m[22m[2m │ gzip:  2.19 kB[22m
[2m.svelte-kit/output/client/[22m[36m_app/immutable/chunks/gw-GY2Dh.js                          [39m[1m[2m  5.30 kB[22m[1m[22m[2m │ gzip:  1.57 kB[22m
[2m.svelte-kit/output/client/[22m[36m_app/immutable/nodes/24.ChdThtfB.js                        [39m[1m[2m  5.42 kB[22m[1m[22m[2m │ gzip:  2.30 kB[22m
[2m.svelte-kit/output/client/[22m[36m_app/immutable/nodes/14.DVcDfgx5.js                        [39m[1m[2m  5.43 kB[22m[1m[22m[2m │ gzip:  2.37 kB[22m
[2m.svelte-kit/output/client/[22m[36m_app/immutable/nodes/89.rGAuqRht.js                        [39m[1m[2m  5.44 kB[22m[1m[22m[2m │ gzip:  2.13 kB[22m
[2m.svelte-kit/output/client/[22m[36m_app/immutable/nodes/92.CDpALrgJ.js                        [39m[1m[2m  5.49 kB[22m[1m[22m[2m │ gzip:  2.11 kB[22m
[2m.svelte-kit/output/client/[22m[36m_app/immutable/nodes/5.Bqae7aPR.js                         [39m[1m[2m  5.55 kB[22m[1m[22m[2m │ gzip:  2.29 kB[22m
[2m.svelte-kit/output/client/[22m[36m_app/immutable/nodes/55.BG3wt1aJ.js                        [39m[1m[2m  5.63 kB[22m[1m[22m[2m │ gzip:  2.30 kB[22m
[2m.svelte-kit/output/client/[22m[36m_app/immutable/nodes/90.Bqngafn5.js                        [39m[1m[2m  5.67 kB[22m[1m[22m[2m │ gzip:  2.44 kB[22m
[2m.svelte-kit/output/client/[22m[36m_app/immutable/nodes/50.CLKnTU8-.js                        [39m[1m[2m  5.67 kB[22m[1m[22m[2m │ gzip:  2.08 kB[22m
[2m.svelte-kit/output/client/[22m[36m_app/immutable/nodes/93.tr2EoqVg.js                        [39m[1m[2m  5.80 kB[22m[1m[22m[2m │ gzip:  2.08 kB[22m
[2m.svelte-kit/output/client/[22m[36m_app/immutable/nodes/72.Di7iOzFl.js                        [39m[1m[2m  6.19 kB[22m[1m[22m[2m │ gzip:  2.21 kB[22m
[2m.svelte-kit/output/client/[22m[36m_app/immutable/chunks/DjkPKPqI.js                          [39m[1m[2m  6.19 kB[22m[1m[22m[2m │ gzip:  2.25 kB[22m
[2m.svelte-kit/output/client/[22m[36m_app/immutable/chunks/Du0fX9AW.js                          [39m[1m[2m  6.23 kB[22m[1m[22m[2m │ gzip:  2.59 kB[22m
[2m.svelte-kit/output/client/[22m[36m_app/immutable/nodes/73.C_EghM8g.js                        [39m[1m[2m  6.27 kB[22m[1m[22m[2m │ gzip:  2.55 kB[22m
[2m.svelte-kit/output/client/[22m[36m_app/immutable/chunks/CEOVZklp.js                          [39m[1m[2m  6.45 kB[22m[1m[22m[2m │ gzip:  2.01 kB[22m
[2m.svelte-kit/output/client/[22m[36m_app/immutable/nodes/51.BdRZbvTn.js                        [39m[1m[2m  6.50 kB[22m[1m[22m[2m │ gzip:  2.27 kB[22m
[2m.svelte-kit/output/client/[22m[36m_app/immutable/chunks/D6SrOyNR.js                          [39m[1m[2m  6.90 kB[22m[1m[22m[2m │ gzip:  2.90 kB[22m
[2m.svelte-kit/output/client/[22m[36m_app/immutable/nodes/61.BYlYdTUI.js                        [39m[1m[2m  6.94 kB[22m[1m[22m[2m │ gzip:  2.72 kB[22m
[2m.svelte-kit/output/client/[22m[36m_app/immutable/nodes/11.CEcOsyyp.js                        [39m[1m[2m  7.22 kB[22m[1m[22m[2m │ gzip:  2.79 kB[22m
[2m.svelte-kit/output/client/[22m[36m_app/immutable/nodes/78.BGNkxCO9.js                        [39m[1m[2m  7.53 kB[22m[1m[22m[2m │ gzip:  3.05 kB[22m
[2m.svelte-kit/output/client/[22m[36m_app/immutable/chunks/CyKVsx7K.js                          [39m[1m[2m  7.54 kB[22m[1m[22m[2m │ gzip:  2.60 kB[22m
[2m.svelte-kit/output/client/[22m[36m_app/immutable/chunks/De7KMez2.js                          [39m[1m[2m  7.95 kB[22m[1m[22m[2m │ gzip:  1.65 kB[22m
[2m.svelte-kit/output/client/[22m[36m_app/immutable/nodes/57.CjyNVuGH.js                        [39m[1m[2m  8.00 kB[22m[1m[22m[2m │ gzip:  3.21 kB[22m
[2m.svelte-kit/output/client/[22m[36m_app/immutable/nodes/29.BCzLjd9o.js                        [39m[1m[2m  8.13 kB[22m[1m[22m[2m │ gzip:  3.49 kB[22m
[2m.svelte-kit/output/client/[22m[36m_app/immutable/nodes/10.CXa0JyVq.js                        [39m[1m[2m  8.62 kB[22m[1m[22m[2m │ gzip:  3.19 kB[22m
[2m.svelte-kit/output/client/[22m[36m_app/immutable/chunks/BuoQ7lCH.js                          [39m[1m[2m  8.86 kB[22m[1m[22m[2m │ gzip:  2.43 kB[22m
[2m.svelte-kit/output/client/[22m[36m_app/immutable/nodes/27.gnJ1aUjv.js                        [39m[1m[2m  8.98 kB[22m[1m[22m[2m │ gzip:  3.91 kB[22m
[2m.svelte-kit/output/client/[22m[36m_app/immutable/nodes/36.uEbtypmL.js                        [39m[1m[2m  9.12 kB[22m[1m[22m[2m │ gzip:  2.49 kB[22m
[2m.svelte-kit/output/client/[22m[36m_app/immutable/nodes/39.U5B68n2U.js                        [39m[1m[2m  9.51 kB[22m[1m[22m[2m │ gzip:  3.97 kB[22m
[2m.svelte-kit/output/client/[22m[36m_app/immutable/nodes/26.CFgrI9sF.js                        [39m[1m[2m  9.78 kB[22m[1m[22m[2m │ gzip:  4.20 kB[22m
[2m.svelte-kit/output/client/[22m[36m_app/immutable/nodes/25.D1kVVfe4.js                        [39m[1m[2m 10.25 kB[22m[1m[22m[2m │ gzip:  4.37 kB[22m
[2m.svelte-kit/output/client/[22m[36m_app/immutable/nodes/8.zCX03T_V.js                         [39m[1m[2m 11.22 kB[22m[1m[22m[2m │ gzip:  5.03 kB[22m
[2m.svelte-kit/output/client/[22m[36m_app/immutable/nodes/54.BvWTfraK.js                        [39m[1m[2m 12.50 kB[22m[1m[22m[2m │ gzip:  4.68 kB[22m
[2m.svelte-kit/output/client/[22m[36m_app/immutable/nodes/38.B3-XuyPY.js                        [39m[1m[2m 14.23 kB[22m[1m[22m[2m │ gzip:  4.68 kB[22m
[2m.svelte-kit/output/client/[22m[36m_app/immutable/nodes/42.7_a06oDY.js                        [39m[1m[2m 18.50 kB[22m[1m[22m[2m │ gzip:  6.50 kB[22m
[2m.svelte-kit/output/client/[22m[36m_app/immutable/nodes/77.DNggwAlo.js                        [39m[1m[2m 18.94 kB[22m[1m[22m[2m │ gzip:  5.90 kB[22m
[2m.svelte-kit/output/client/[22m[36m_app/immutable/nodes/69.DnQSeCRm.js                        [39m[1m[2m 19.07 kB[22m[1m[22m[2m │ gzip:  5.57 kB[22m
[2m.svelte-kit/output/client/[22m[36m_app/immutable/chunks/D5rBohzR.js                          [39m[1m[2m 20.82 kB[22m[1m[22m[2m │ gzip:  7.60 kB[22m
[2m.svelte-kit/output/client/[22m[36m_app/immutable/nodes/43.B1Fftoli.js                        [39m[1m[2m 22.91 kB[22m[1m[22m[2m │ gzip:  7.83 kB[22m
[2m.svelte-kit/output/client/[22m[36m_app/immutable/nodes/41.ZLbw7mWg.js                        [39m[1m[2m 23.17 kB[22m[1m[22m[2m │ gzip:  6.09 kB[22m
[2m.svelte-kit/output/client/[22m[36m_app/immutable/nodes/4.90zB8yG0.js                         [39m[1m[2m 23.66 kB[22m[1m[22m[2m │ gzip:  6.46 kB[22m
[2m.svelte-kit/output/client/[22m[36m_app/immutable/nodes/37.CnSzU9O-.js                        [39m[1m[2m 24.41 kB[22m[1m[22m[2m │ gzip:  9.49 kB[22m
[2m.svelte-kit/output/client/[22m[36m_app/immutable/chunks/B5tBl1aJ.js                          [39m[1m[2m 24.63 kB[22m[1m[22m[2m │ gzip:  8.80 kB[22m
[2m.svelte-kit/output/client/[22m[36m_app/immutable/entry/app.B4CNMemU.js                       [39m[1m[2m 28.16 kB[22m[1m[22m[2m │ gzip:  7.91 kB[22m
[2m.svelte-kit/output/client/[22m[36m_app/immutable/nodes/52.eT0ucMsh.js                        [39m[1m[2m 29.97 kB[22m[1m[22m[2m │ gzip: 10.06 kB[22m
[2m.svelte-kit/output/client/[22m[36m_app/immutable/nodes/0.DofGOSiw.js                         [39m[1m[2m 31.23 kB[22m[1m[22m[2m │ gzip: 10.77 kB[22m
[2m.svelte-kit/output/client/[22m[36m_app/immutable/chunks/CTJl5guP.js                          [39m[1m[2m 33.24 kB[22m[1m[22m[2m │ gzip: 12.77 kB[22m
[2m.svelte-kit/output/client/[22m[36m_app/immutable/nodes/2.D_VUDZUX.js                         [39m[1m[2m 36.80 kB[22m[1m[22m[2m │ gzip: 10.50 kB[22m
[2m.svelte-kit/output/client/[22m[36m_app/immutable/chunks/BRtcR6jF.js                          [39m[1m[2m 37.75 kB[22m[1m[22m[2m │ gzip: 14.23 kB[22m
[2m.svelte-kit/output/client/[22m[36m_app/immutable/nodes/30.MAVm1YnZ.js                        [39m[1m[2m 50.65 kB[22m[1m[22m[2m │ gzip: 13.97 kB[22m
[2m.svelte-kit/output/client/[22m[36m_app/immutable/chunks/C-o9ov3P.js                          [39m[1m[2m 68.22 kB[22m[1m[22m[2m │ gzip: 17.56 kB[22m
[2m.svelte-kit/output/client/[22m[36m_app/immutable/nodes/40.CnzFI-ey.js                        [39m[1m[2m130.90 kB[22m[1m[22m[2m │ gzip: 43.72 kB[22m
[2m.svelte-kit/output/client/[22m[36m_app/immutable/chunks/eE5P6S0m.js                          [39m[1m[2m208.31 kB[22m[1m[22m[2m │ gzip: 71.54 kB[22m
[2m.svelte-kit/output/client/[22m[36m_app/immutable/chunks/ghBzy_WQ.js                          [39m[1m[2m224.45 kB[22m[1m[22m[2m │ gzip: 59.09 kB[22m
[2m.svelte-kit/output/client/[22m[36m_app/immutable/chunks/IUb7b6AA.js                          [39m[1m[2m241.24 kB[22m[1m[22m[2m │ gzip: 57.32 kB[22m
[32m✓ built in 24.82s[39m
[2m.svelte-kit/output/server/[22m[32m.vite/manifest.json                                                             [39m[1m[2m 83.57 kB[22m[1m[22m
[2m.svelte-kit/output/server/[22m[35m_app/immutable/assets/_page.CRw1-GSV.css                                        [39m[1m[2m  0.11 kB[22m[1m[22m
[2m.svelte-kit/output/server/[22m[35m_app/immutable/assets/_page.-lHWupA3.css                                        [39m[1m[2m  0.58 kB[22m[1m[22m
[2m.svelte-kit/output/server/[22m[35m_app/immutable/assets/Breadcrumbs.CKqbtFMs.css                                  [39m[1m[2m  0.67 kB[22m[1m[22m
[2m.svelte-kit/output/server/[22m[35m_app/immutable/assets/_page.vbItwKzU.css                                        [39m[1m[2m  0.80 kB[22m[1m[22m
[2m.svelte-kit/output/server/[22m[35m_app/immutable/assets/_page.BHTpa-xo.css                                        [39m[1m[2m  0.82 kB[22m[1m[22m
[2m.svelte-kit/output/server/[22m[35m_app/immutable/assets/_page.CYZf52ag.css                                        [39m[1m[2m  0.82 kB[22m[1m[22m
[2m.svelte-kit/output/server/[22m[35m_app/immutable/assets/_page.DweMgd19.css                                        [39m[1m[2m  0.87 kB[22m[1m[22m
[2m.svelte-kit/output/server/[22m[35m_app/immutable/assets/_page.CNJSzzYH.css                                        [39m[1m[2m  0.92 kB[22m[1m[22m
[2m.svelte-kit/output/server/[22m[35m_app/immutable/assets/_page.TBwUXgS0.css                                        [39m[1m[2m  0.94 kB[22m[1m[22m
[2m.svelte-kit/output/server/[22m[35m_app/immutable/assets/_page.D0NJlkp9.css                                        [39m[1m[2m  0.94 kB[22m[1m[22m
[2m.svelte-kit/output/server/[22m[35m_app/immutable/assets/_page.DZUSafJ5.css                                        [39m[1m[2m  0.95 kB[22m[1m[22m
[2m.svelte-kit/output/server/[22m[35m_app/immutable/assets/_page.D6xkiEn9.css                                        [39m[1m[2m  1.01 kB[22m[1m[22m
[2m.svelte-kit/output/server/[22m[35m_app/immutable/assets/_page.1mNB7Iqx.css                                        [39m[1m[2m  1.09 kB[22m[1m[22m
[2m.svelte-kit/output/server/[22m[35m_app/immutable/assets/PublicTrustPanel.B8kjyz1I.css                             [39m[1m[2m  1.10 kB[22m[1m[22m
[2m.svelte-kit/output/server/[22m[35m_app/immutable/assets/_page.DPUYtbkN.css                                        [39m[1m[2m  1.10 kB[22m[1m[22m
[2m.svelte-kit/output/server/[22m[35m_app/immutable/assets/HealthConsent.XQDBNuUa.css                                [39m[1m[2m  1.12 kB[22m[1m[22m
[2m.svelte-kit/output/server/[22m[35m_app/immutable/assets/UserAvatar.Bj1qvnb9.css                                   [39m[1m[2m  1.16 kB[22m[1m[22m
[2m.svelte-kit/output/server/[22m[35m_app/immutable/assets/_page.Byfsh6ve.css                                        [39m[1m[2m  1.37 kB[22m[1m[22m
[2m.svelte-kit/output/server/[22m[35m_app/immutable/assets/HomeSafetyStrip.BQRA1L72.css                              [39m[1m[2m  1.43 kB[22m[1m[22m
[2m.svelte-kit/output/server/[22m[35m_app/immutable/assets/TopicGuideSection.BTXLl4X1.css                            [39m[1m[2m  1.45 kB[22m[1m[22m
[2m.svelte-kit/output/server/[22m[35m_app/immutable/assets/ContentTrustBlock.DCFFSnk1.css                            [39m[1m[2m  1.48 kB[22m[1m[22m
[2m.svelte-kit/output/server/[22m[35m_app/immutable/assets/_page.B-jfgRvD.css                                        [39m[1m[2m  1.50 kB[22m[1m[22m
[2m.svelte-kit/output/server/[22m[35m_app/immutable/assets/_page.D5aDcn_C.css                                        [39m[1m[2m  1.52 kB[22m[1m[22m
[2m.svelte-kit/output/server/[22m[35m_app/immutable/assets/_page.DQ87e9H2.css                                        [39m[1m[2m  1.54 kB[22m[1m[22m
[2m.svelte-kit/output/server/[22m[35m_app/immutable/assets/_page.FnJPFGJq.css                                        [39m[1m[2m  1.56 kB[22m[1m[22m
[2m.svelte-kit/output/server/[22m[35m_app/immutable/assets/_page.BBKZHKBs.css                                        [39m[1m[2m  1.60 kB[22m[1m[22m
[2m.svelte-kit/output/server/[22m[35m_app/immutable/assets/_page.j4rP6mRs.css                                        [39m[1m[2m  1.61 kB[22m[1m[22m
[2m.svelte-kit/output/server/[22m[35m_app/immutable/assets/SeoPillarLanding.Bk534H8W.css                             [39m[1m[2m  1.70 kB[22m[1m[22m
[2m.svelte-kit/output/server/[22m[35m_app/immutable/assets/SeoSupportPage.D2wpNowZ.css                               [39m[1m[2m  1.72 kB[22m[1m[22m
[2m.svelte-kit/output/server/[22m[35m_app/immutable/assets/_page.D1Q3X5Dc.css                                        [39m[1m[2m  1.77 kB[22m[1m[22m
[2m.svelte-kit/output/server/[22m[35m_app/immutable/assets/_page.BvvnwcZF.css                                        [39m[1m[2m  1.82 kB[22m[1m[22m
[2m.svelte-kit/output/server/[22m[35m_app/immutable/assets/_page.BTC5HCQn.css                                        [39m[1m[2m  1.83 kB[22m[1m[22m
[2m.svelte-kit/output/server/[22m[35m_app/immutable/assets/_page.CQobHktB.css                                        [39m[1m[2m  1.86 kB[22m[1m[22m
[2m.svelte-kit/output/server/[22m[35m_app/immutable/assets/_page.CSIiRxZ4.css                                        [39m[1m[2m  2.10 kB[22m[1m[22m
[2m.svelte-kit/output/server/[22m[35m_app/immutable/assets/GuideActionCta.Do0N1_5I.css                               [39m[1m[2m  2.12 kB[22m[1m[22m
[2m.svelte-kit/output/server/[22m[35m_app/immutable/assets/_page.CWb-jMCv.css                                        [39m[1m[2m  2.20 kB[22m[1m[22m
[2m.svelte-kit/output/server/[22m[35m_app/immutable/assets/_page.CNdVQNXm.css                                        [39m[1m[2m  2.23 kB[22m[1m[22m
[2m.svelte-kit/output/server/[22m[35m_app/immutable/assets/_page.BO3jcqFW.css                                        [39m[1m[2m  2.24 kB[22m[1m[22m
[2m.svelte-kit/output/server/[22m[35m_app/immutable/assets/_page.CnWt7NEV.css                                        [39m[1m[2m  2.27 kB[22m[1m[22m
[2m.svelte-kit/output/server/[22m[35m_app/immutable/assets/_page.ColgIQci.css                                        [39m[1m[2m  2.27 kB[22m[1m[22m
[2m.svelte-kit/output/server/[22m[35m_app/immutable/assets/ActivityHeatmap.H27PuzMj.css                              [39m[1m[2m  2.30 kB[22m[1m[22m
[2m.svelte-kit/output/server/[22m[35m_app/immutable/assets/_page.B2nzd8JE.css                                        [39m[1m[2m  2.33 kB[22m[1m[22m
[2m.svelte-kit/output/server/[22m[35m_app/immutable/assets/_page.Bcn2Zh4L.css                                        [39m[1m[2m  2.33 kB[22m[1m[22m
[2m.svelte-kit/output/server/[22m[35m_app/immutable/assets/_page.AZW2_cQh.css                                        [39m[1m[2m  2.35 kB[22m[1m[22m
[2m.svelte-kit/output/server/[22m[35m_app/immutable/assets/_page.u9NJw2V_.css                                        [39m[1m[2m  2.35 kB[22m[1m[22m
[2m.svelte-kit/output/server/[22m[35m_app/immutable/assets/_page.BdoBHm48.css                                        [39m[1m[2m  2.37 kB[22m[1m[22m
[2m.svelte-kit/output/server/[22m[35m_app/immutable/assets/_page.C9LeUbgy.css                                        [39m[1m[2m  2.42 kB[22m[1m[22m
[2m.svelte-kit/output/server/[22m[35m_app/immutable/assets/_error.B4sXQ_Sb.css                                       [39m[1m[2m  2.56 kB[22m[1m[22m
[2m.svelte-kit/output/server/[22m[35m_app/immutable/assets/_page.DXjun1aj.css                                        [39m[1m[2m  2.56 kB[22m[1m[22m
[2m.svelte-kit/output/server/[22m[35m_app/immutable/assets/_page.BH6ankP1.css                                        [39m[1m[2m  2.62 kB[22m[1m[22m
[2m.svelte-kit/output/server/[22m[35m_app/immutable/assets/_page.OxqkFkey.css                                        [39m[1m[2m  2.67 kB[22m[1m[22m
[2m.svelte-kit/output/server/[22m[35m_app/immutable/assets/BlogArticle.Qtfcp_O2.css                                  [39m[1m[2m  2.83 kB[22m[1m[22m
[2m.svelte-kit/output/server/[22m[35m_app/immutable/assets/_page.BMRpeVQv.css                                        [39m[1m[2m  2.98 kB[22m[1m[22m
[2m.svelte-kit/output/server/[22m[35m_app/immutable/assets/_page.DEG3sXdD.css                                        [39m[1m[2m  3.02 kB[22m[1m[22m
[2m.svelte-kit/output/server/[22m[35m_app/immutable/assets/_page.DHi8U5--.css                                        [39m[1m[2m  3.02 kB[22m[1m[22m
[2m.svelte-kit/output/server/[22m[35m_app/immutable/assets/_page.BbpJ8mUw.css                                        [39m[1m[2m  3.06 kB[22m[1m[22m
[2m.svelte-kit/output/server/[22m[35m_app/immutable/assets/_page.57AdouFA.css                                        [39m[1m[2m  3.06 kB[22m[1m[22m
[2m.svelte-kit/output/server/[22m[35m_app/immutable/assets/_page.SDeaADdd.css                                        [39m[1m[2m  3.06 kB[22m[1m[22m
[2m.svelte-kit/output/server/[22m[35m_app/immutable/assets/_page.CZ2lq8Tz.css                                        [39m[1m[2m  3.06 kB[22m[1m[22m
[2m.svelte-kit/output/server/[22m[35m_app/immutable/assets/_page.eCyvWzYh.css                                        [39m[1m[2m  3.10 kB[22m[1m[22m
[2m.svelte-kit/output/server/[22m[35m_app/immutable/assets/_page.j95mvzNs.css                                        [39m[1m[2m  3.11 kB[22m[1m[22m
[2m.svelte-kit/output/server/[22m[35m_app/immutable/assets/_page.DOYEexSy.css                                        [39m[1m[2m  3.16 kB[22m[1m[22m
[2m.svelte-kit/output/server/[22m[35m_app/immutable/assets/_page.Bkw_kQP1.css                                        [39m[1m[2m  3.19 kB[22m[1m[22m
[2m.svelte-kit/output/server/[22m[35m_app/immutable/assets/_page.C0wmuk1Q.css                                        [39m[1m[2m  3.23 kB[22m[1m[22m
[2m.svelte-kit/output/server/[22m[35m_app/immutable/assets/_page.B6AINd5k.css                                        [39m[1m[2m  3.66 kB[22m[1m[22m
[2m.svelte-kit/output/server/[22m[35m_app/immutable/assets/_page.CBZWLMuL.css                                        [39m[1m[2m  3.71 kB[22m[1m[22m
[2m.svelte-kit/output/server/[22m[35m_app/immutable/assets/_page.BT-Qc5qz.css                                        [39m[1m[2m  3.79 kB[22m[1m[22m
[2m.svelte-kit/output/server/[22m[35m_app/immutable/assets/_page.BsNBf_mO.css                                        [39m[1m[2m  3.91 kB[22m[1m[22m
[2m.svelte-kit/output/server/[22m[35m_app/immutable/assets/DiaryHero.B6S7kmXr.css                                    [39m[1m[2m  4.03 kB[22m[1m[22m
[2m.svelte-kit/output/server/[22m[35m_app/immutable/assets/_page.QQwav302.css                                        [39m[1m[2m  4.03 kB[22m[1m[22m
[2m.svelte-kit/output/server/[22m[35m_app/immutable/assets/_page.DzWFA3Li.css                                        [39m[1m[2m  4.31 kB[22m[1m[22m
[2m.svelte-kit/output/server/[22m[35m_app/immutable/assets/_page.AtU93ydG.css                                        [39m[1m[2m  4.47 kB[22m[1m[22m
[2m.svelte-kit/output/server/[22m[35m_app/immutable/assets/_page.BBXeY56C.css                                        [39m[1m[2m  4.60 kB[22m[1m[22m
[2m.svelte-kit/output/server/[22m[35m_app/immutable/assets/_page.Bcmw9hcy.css                                        [39m[1m[2m  4.94 kB[22m[1m[22m
[2m.svelte-kit/output/server/[22m[35m_app/immutable/assets/_page.ELLWlsop.css                                        [39m[1m[2m  5.22 kB[22m[1m[22m
[2m.svelte-kit/output/server/[22m[35m_app/immutable/assets/_page.Cjm4f6Ff.css                                        [39m[1m[2m  5.44 kB[22m[1m[22m
[2m.svelte-kit/output/server/[22m[35m_app/immutable/assets/_page.B9KYIIQk.css                                        [39m[1m[2m  6.50 kB[22m[1m[22m
[2m.svelte-kit/output/server/[22m[35m_app/immutable/assets/_page.DbPzwqpZ.css                                        [39m[1m[2m  6.94 kB[22m[1m[22m
[2m.svelte-kit/output/server/[22m[35m_app/immutable/assets/_page.BogGjWcK.css                                        [39m[1m[2m  8.47 kB[22m[1m[22m
[2m.svelte-kit/output/server/[22m[35m_app/immutable/assets/_page.Bd0Str0z.css                                        [39m[1m[2m  8.69 kB[22m[1m[22m
[2m.svelte-kit/output/server/[22m[35m_app/immutable/assets/_page.C0Yp77FZ.css                                        [39m[1m[2m  8.82 kB[22m[1m[22m
[2m.svelte-kit/output/server/[22m[35m_app/immutable/assets/_page.Cbth12Oo.css                                        [39m[1m[2m 10.60 kB[22m[1m[22m
[2m.svelte-kit/output/server/[22m[35m_app/immutable/assets/_page.DuXGEAa8.css                                        [39m[1m[2m 13.46 kB[22m[1m[22m
[2m.svelte-kit/output/server/[22m[35m_app/immutable/assets/LivingWorld.CWK_5Cle.css                                  [39m[1m[2m 14.85 kB[22m[1m[22m
[2m.svelte-kit/output/server/[22m[35m_app/immutable/assets/_page.D-Dorg4w.css                                        [39m[1m[2m 18.85 kB[22m[1m[22m
[2m.svelte-kit/output/server/[22m[35m_app/immutable/assets/_page.B4LcClHN.css                                        [39m[1m[2m 23.99 kB[22m[1m[22m
[2m.svelte-kit/output/server/[22m[35m_app/immutable/assets/_page.BfhhaTH1.css                                        [39m[1m[2m 34.78 kB[22m[1m[22m
[2m.svelte-kit/output/server/[22m[35m_app/immutable/assets/_page.CPXLxgi1.css                                        [39m[1m[2m 35.33 kB[22m[1m[22m
[2m.svelte-kit/output/server/[22m[35m_app/immutable/assets/_layout.DAZFQUaK.css                                      [39m[1m[2m 79.89 kB[22m[1m[22m
[2m.svelte-kit/output/server/[22m[36mchunks/DiaryNarrativeInsights.svelte_svelte_type_style_lang.js                  [39m[1m[2m  0.00 kB[22m[1m[22m
[2m.svelte-kit/output/server/[22m[36mchunks/false.js                                                                 [39m[1m[2m  0.05 kB[22m[1m[22m
[2m.svelte-kit/output/server/[22m[36mentries/pages/blogg/_page.js                                                    [39m[1m[2m  0.05 kB[22m[1m[22m
[2m.svelte-kit/output/server/[22m[36mentries/pages/editor/_page.ts.js                                                [39m[1m[2m  0.08 kB[22m[1m[22m
[2m.svelte-kit/output/server/[22m[36mchunks/tiktokPixel.js                                                           [39m[1m[2m  0.10 kB[22m[1m[22m
[2m.svelte-kit/output/server/[22m[36mentries/pages/artiklar/_page.server.ts.js                                       [39m[1m[2m  0.11 kB[22m[1m[22m
[2m.svelte-kit/output/server/[22m[36mentries/pages/guider-seo/_page.ts.js                                            [39m[1m[2m  0.12 kB[22m[1m[22m
[2m.svelte-kit/output/server/[22m[36mentries/pages/blog/_page.server.ts.js                                           [39m[1m[2m  0.12 kB[22m[1m[22m
[2m.svelte-kit/output/server/[22m[36mentries/pages/artiklar/soro/_page.server.ts.js                                  [39m[1m[2m  0.12 kB[22m[1m[22m
[2m.svelte-kit/output/server/[22m[36mentries/pages/angst/_page.server.ts.js                                          [39m[1m[2m  0.13 kB[22m[1m[22m
[2m.svelte-kit/output/server/[22m[36mentries/pages/berattelser/_page.server.ts.js                                    [39m[1m[2m  0.13 kB[22m[1m[22m
[2m.svelte-kit/output/server/[22m[36mentries/pages/guider-seo/nedstamdhet/_page.ts.js                                [39m[1m[2m  0.13 kB[22m[1m[22m
[2m.svelte-kit/output/server/[22m[36mentries/pages/registrera/_page.server.ts.js                                     [39m[1m[2m  0.13 kB[22m[1m[22m
[2m.svelte-kit/output/server/[22m[36mchunks/analytics.js                                                             [39m[1m[2m  0.13 kB[22m[1m[22m
[2m.svelte-kit/output/server/[22m[36mentries/pages/min-portal/_page.server.ts.js                                     [39m[1m[2m  0.13 kB[22m[1m[22m
[2m.svelte-kit/output/server/[22m[36mentries/pages/anonym-chatt/_page.server.ts.js                                   [39m[1m[2m  0.13 kB[22m[1m[22m
[2m.svelte-kit/output/server/[22m[36mentries/pages/sa-arbetar-vi-med-innehall/_page.server.ts.js                     [39m[1m[2m  0.14 kB[22m[1m[22m
[2m.svelte-kit/output/server/[22m[36mentries/pages/installningar/_page.server.ts.js                                  [39m[1m[2m  0.14 kB[22m[1m[22m
[2m.svelte-kit/output/server/[22m[36mchunks/html.js                                                                  [39m[1m[2m  0.14 kB[22m[1m[22m
[2m.svelte-kit/output/server/[22m[36mentries/pages/chatta-anonymt-utan-konto/_page.server.ts.js                      [39m[1m[2m  0.15 kB[22m[1m[22m
[2m.svelte-kit/output/server/[22m[36mentries/pages/guider-seo/_pillar_/_guide_/_page.ts.js                           [39m[1m[2m  0.16 kB[22m[1m[22m
[2m.svelte-kit/output/server/[22m[36mentries/pages/4-7-8-andning-ovning/_page.ts.js                                  [39m[1m[2m  0.17 kB[22m[1m[22m
[2m.svelte-kit/output/server/[22m[36mchunks/index-server.js                                                          [39m[1m[2m  0.18 kB[22m[1m[22m
[2m.svelte-kit/output/server/[22m[36mchunks/contact.js                                                               [39m[1m[2m  0.19 kB[22m[1m[22m
[2m.svelte-kit/output/server/[22m[36mchunks/soro.js                                                                  [39m[1m[2m  0.20 kB[22m[1m[22m
[2m.svelte-kit/output/server/[22m[36mentries/pages/humorsparning/_page.js                                            [39m[1m[2m  0.20 kB[22m[1m[22m
[2m.svelte-kit/output/server/[22m[36mentries/endpoints/api/events/_server.ts.js                                      [39m[1m[2m  0.23 kB[22m[1m[22m
[2m.svelte-kit/output/server/[22m[36mentries/pages/analys/_page.server.ts.js                                         [39m[1m[2m  0.23 kB[22m[1m[22m
[2m.svelte-kit/output/server/[22m[36mentries/pages/insikter/_page.server.ts.js                                       [39m[1m[2m  0.23 kB[22m[1m[22m
[2m.svelte-kit/output/server/[22m[36menv.js                                                                          [39m[1m[2m  0.23 kB[22m[1m[22m
[2m.svelte-kit/output/server/[22m[36mentries/pages/guider-seo/_pillar_/_page.ts.js                                   [39m[1m[2m  0.23 kB[22m[1m[22m
[2m.svelte-kit/output/server/[22m[36mentries/pages/anonyma-berattelser/dela/_page.server.ts.js                       [39m[1m[2m  0.24 kB[22m[1m[22m
[2m.svelte-kit/output/server/[22m[36mentries/pages/journalforing/_page.js                                            [39m[1m[2m  0.24 kB[22m[1m[22m
[2m.svelte-kit/output/server/[22m[36mentries/pages/dagbok/_page.ts.js                                                [39m[1m[2m  0.25 kB[22m[1m[22m
[2m.svelte-kit/output/server/[22m[36mentries/pages/dagbok/_page.server.ts.js                                         [39m[1m[2m  0.25 kB[22m[1m[22m
[2m.svelte-kit/output/server/[22m[36mentries/pages/oro/_page.js                                                      [39m[1m[2m  0.25 kB[22m[1m[22m
[2m.svelte-kit/output/server/[22m[36mentries/pages/ai-samtalsstod-online/_page.js                                    [39m[1m[2m  0.26 kB[22m[1m[22m
[2m.svelte-kit/output/server/[22m[36mentries/endpoints/robots.txt/_server.ts.js                                      [39m[1m[2m  0.26 kB[22m[1m[22m
[2m.svelte-kit/output/server/[22m[36mentries/pages/stress/_page.js                                                   [39m[1m[2m  0.26 kB[22m[1m[22m
[2m.svelte-kit/output/server/[22m[36mentries/pages/trauma/_page.js                                                   [39m[1m[2m  0.26 kB[22m[1m[22m
[2m.svelte-kit/output/server/[22m[36mchunks/supabase.js                                                              [39m[1m[2m  0.26 kB[22m[1m[22m
[2m.svelte-kit/output/server/[22m[36mentries/pages/ensamhet/_page.js                                                 [39m[1m[2m  0.26 kB[22m[1m[22m
[2m.svelte-kit/output/server/[22m[36mentries/pages/depression/_page.js                                               [39m[1m[2m  0.26 kB[22m[1m[22m
[2m.svelte-kit/output/server/[22m[36mentries/pages/nedstamdhet/_page.js                                              [39m[1m[2m  0.26 kB[22m[1m[22m
[2m.svelte-kit/output/server/[22m[36mentries/pages/dagars-avtryck/_page.js                                           [39m[1m[2m  0.27 kB[22m[1m[22m
[2m.svelte-kit/output/server/[22m[36mentries/pages/sovproblem/_page.js                                               [39m[1m[2m  0.27 kB[22m[1m[22m
[2m.svelte-kit/output/server/[22m[36mentries/pages/sjalvkansla/_page.js                                              [39m[1m[2m  0.27 kB[22m[1m[22m
[2m.svelte-kit/output/server/[22m[36mentries/pages/panikattack/_page.js                                              [39m[1m[2m  0.28 kB[22m[1m[22m
[2m.svelte-kit/output/server/[22m[36mchunks/shared-server.js                                                         [39m[1m[2m  0.28 kB[22m[1m[22m
[2m.svelte-kit/output/server/[22m[36mentries/pages/skriv/_page.js                                                    [39m[1m[2m  0.29 kB[22m[1m[22m
[2m.svelte-kit/output/server/[22m[36mentries/pages/blogg/kbt-dagbok-vs-fri-journalforing/_page.js                    [39m[1m[2m  0.29 kB[22m[1m[22m
[2m.svelte-kit/output/server/[22m[36mentries/pages/om-mittpsyke/_page.js                                             [39m[1m[2m  0.30 kB[22m[1m[22m
[2m.svelte-kit/output/server/[22m[36mentries/pages/blogg/vad-ar-journalterapi/_page.js                               [39m[1m[2m  0.31 kB[22m[1m[22m
[2m.svelte-kit/output/server/[22m[36mentries/pages/premium/_page.ts.js                                               [39m[1m[2m  0.33 kB[22m[1m[22m
[2m.svelte-kit/output/server/[22m[36mentries/pages/blogg/ai-hjalper-dig-bearbeta-kanslor/_page.js                    [39m[1m[2m  0.34 kB[22m[1m[22m
[2m.svelte-kit/output/server/[22m[36mentries/pages/sok/_page.server.ts.js                                            [39m[1m[2m  0.35 kB[22m[1m[22m
[2m.svelte-kit/output/server/[22m[36mchunks/seo2.js                                                                  [39m[1m[2m  0.35 kB[22m[1m[22m
[2m.svelte-kit/output/server/[22m[36mentries/pages/_layout.server.ts.js                                              [39m[1m[2m  0.37 kB[22m[1m[22m
[2m.svelte-kit/output/server/[22m[36minternal.js                                                                     [39m[1m[2m  0.41 kB[22m[1m[22m
[2m.svelte-kit/output/server/[22m[36mchunks/state.svelte.js                                                          [39m[1m[2m  0.45 kB[22m[1m[22m
[2m.svelte-kit/output/server/[22m[36mchunks/index3.js                                                                [39m[1m[2m  0.48 kB[22m[1m[22m
[2m.svelte-kit/output/server/[22m[36mentries/endpoints/auth/callback/_server.ts.js                                   [39m[1m[2m  0.54 kB[22m[1m[22m
[2m.svelte-kit/output/server/[22m[36mchunks/client.js                                                                [39m[1m[2m  0.56 kB[22m[1m[22m
[2m.svelte-kit/output/server/[22m[36mentries/pages/dagars-avtryck/_page.server.ts.js                                 [39m[1m[2m  0.57 kB[22m[1m[22m
[2m.svelte-kit/output/server/[22m[36mentries/pages/anonym-chatt/_page.svelte.js                                      [39m[1m[2m  0.58 kB[22m[1m[22m
[2m.svelte-kit/output/server/[22m[36mentries/pages/chatta-anonymt/_page.svelte.js                                    [39m[1m[2m  0.58 kB[22m[1m[22m
[2m.svelte-kit/output/server/[22m[36mentries/pages/login/_page.server.ts.js                                          [39m[1m[2m  0.58 kB[22m[1m[22m
[2m.svelte-kit/output/server/[22m[36mentries/pages/hjalp-mot-oro-online/_page.svelte.js                              [39m[1m[2m  0.59 kB[22m[1m[22m
[2m.svelte-kit/output/server/[22m[36mentries/pages/prata-anonymt-online/_page.svelte.js                              [39m[1m[2m  0.59 kB[22m[1m[22m
[2m.svelte-kit/output/server/[22m[36mentries/pages/psykiskt-stod-online/_page.svelte.js                              [39m[1m[2m  0.59 kB[22m[1m[22m
[2m.svelte-kit/output/server/[22m[36mentries/pages/stod-vid-ptsd-online/_page.svelte.js                              [39m[1m[2m  0.59 kB[22m[1m[22m
[2m.svelte-kit/output/server/[22m[36mentries/pages/stod-vid-stress-online/_page.svelte.js                            [39m[1m[2m  0.60 kB[22m[1m[22m
[2m.svelte-kit/output/server/[22m[36mentries/pages/chatta-anonymt-med-nagon/_page.svelte.js                          [39m[1m[2m  0.61 kB[22m[1m[22m
[2m.svelte-kit/output/server/[22m[36mentries/pages/chattstod-psykisk-ohalsa/_page.svelte.js                          [39m[1m[2m  0.61 kB[22m[1m[22m
[2m.svelte-kit/output/server/[22m[36mentries/pages/anonymt-samtalstod-online/_page.svelte.js                         [39m[1m[2m  0.61 kB[22m[1m[22m
[2m.svelte-kit/output/server/[22m[36mentries/pages/samtalsstod-utan-vantetid/_page.svelte.js                         [39m[1m[2m  0.61 kB[22m[1m[22m
[2m.svelte-kit/output/server/[22m[36mentries/pages/ovningar-mot-angest-online/_page.svelte.js                        [39m[1m[2m  0.62 kB[22m[1m[22m
[2m.svelte-kit/output/server/[22m[36mentries/pages/hjalp-vid-depression-online/_page.svelte.js                       [39m[1m[2m  0.62 kB[22m[1m[22m
[2m.svelte-kit/output/server/[22m[36mchunks/server.js                                                                [39m[1m[2m  0.62 kB[22m[1m[22m
[2m.svelte-kit/output/server/[22m[36mentries/pages/ovningar/_tool_/_page.ts.js                                       [39m[1m[2m  0.63 kB[22m[1m[22m
[2m.svelte-kit/output/server/[22m[36mentries/endpoints/api/daily-question/_server.ts.js                              [39m[1m[2m  0.66 kB[22m[1m[22m
[2m.svelte-kit/output/server/[22m[36mchunks/portals.js                                                               [39m[1m[2m  0.69 kB[22m[1m[22m
[2m.svelte-kit/output/server/[22m[36mentries/pages/_page.server.ts.js                                                [39m[1m[2m  0.71 kB[22m[1m[22m
[2m.svelte-kit/output/server/[22m[36mchunks/stores.js                                                                [39m[1m[2m  0.72 kB[22m[1m[22m
[2m.svelte-kit/output/server/[22m[36mentries/pages/notiser/_page.server.ts.js                                        [39m[1m[2m  0.74 kB[22m[1m[22m
[2m.svelte-kit/output/server/[22m[36mentries/pages/register/_page.server.ts.js                                       [39m[1m[2m  0.75 kB[22m[1m[22m
[2m.svelte-kit/output/server/[22m[36mentries/endpoints/api/spegelvattnet/_id_/open/_server.ts.js                     [39m[1m[2m  0.82 kB[22m[1m[22m
[2m.svelte-kit/output/server/[22m[36mchunks/SEO.js                                                                   [39m[1m[2m  0.83 kB[22m[1m[22m
[2m.svelte-kit/output/server/[22m[36mchunks/theme.js                                                                 [39m[1m[2m  0.86 kB[22m[1m[22m
[2m.svelte-kit/output/server/[22m[36mentries/pages/aterstall-losenord/_page.svelte.js                                [39m[1m[2m  0.88 kB[22m[1m[22m
[2m.svelte-kit/output/server/[22m[36mentries/pages/editor/_page.svelte.js                                            [39m[1m[2m  0.92 kB[22m[1m[22m
[2m.svelte-kit/output/server/[22m[36mchunks/anonymous-stories2.js                                                    [39m[1m[2m  0.94 kB[22m[1m[22m
[2m.svelte-kit/output/server/[22m[36mchunks/supabase-admin.js                                                        [39m[1m[2m  0.94 kB[22m[1m[22m
[2m.svelte-kit/output/server/[22m[36mentries/pages/guider/_pillar_/_page.ts.js                                       [39m[1m[2m  0.97 kB[22m[1m[22m
[2m.svelte-kit/output/server/[22m[36mchunks/anonymous-stories.js                                                     [39m[1m[2m  0.99 kB[22m[1m[22m
[2m.svelte-kit/output/server/[22m[36mentries/pages/share/_page.server.ts.js                                          [39m[1m[2m  0.99 kB[22m[1m[22m
[2m.svelte-kit/output/server/[22m[36mentries/pages/artiklar/soro/_page.svelte.js                                     [39m[1m[2m  1.03 kB[22m[1m[22m
[2m.svelte-kit/output/server/[22m[36mentries/endpoints/api/daily-question/regenerate/_server.ts.js                   [39m[1m[2m  1.03 kB[22m[1m[22m
[2m.svelte-kit/output/server/[22m[36mentries/pages/guider/_pillar_/_guide_/_page.ts.js                               [39m[1m[2m  1.07 kB[22m[1m[22m
[2m.svelte-kit/output/server/[22m[36mchunks/consent.js                                                               [39m[1m[2m  1.09 kB[22m[1m[22m
[2m.svelte-kit/output/server/[22m[36mchunks/utils2.js                                                                [39m[1m[2m  1.09 kB[22m[1m[22m
[2m.svelte-kit/output/server/[22m[36mentries/endpoints/api/spegelvattnet/history/_server.ts.js                       [39m[1m[2m  1.14 kB[22m[1m[22m
[2m.svelte-kit/output/server/[22m[36mchunks/SeoHead.js                                                               [39m[1m[2m  1.16 kB[22m[1m[22m
[2m.svelte-kit/output/server/[22m[36mentries/pages/insikter/_page.svelte.js                                          [39m[1m[2m  1.20 kB[22m[1m[22m
[2m.svelte-kit/output/server/[22m[36mentries/pages/guider-seo/_page.svelte.js                                        [39m[1m[2m  1.24 kB[22m[1m[22m
[2m.svelte-kit/output/server/[22m[36mchunks/HomeSafetyStrip.js                                                       [39m[1m[2m  1.25 kB[22m[1m[22m
[2m.svelte-kit/output/server/[22m[36mentries/endpoints/api/unsubscribe/link/_server.ts.js                            [39m[1m[2m  1.26 kB[22m[1m[22m
[2m.svelte-kit/output/server/[22m[36mentries/endpoints/api/spegelvattnet/latest/_server.ts.js                        [39m[1m[2m  1.26 kB[22m[1m[22m
[2m.svelte-kit/output/server/[22m[36mentries/pages/analys/_page.svelte.js                                            [39m[1m[2m  1.29 kB[22m[1m[22m
[2m.svelte-kit/output/server/[22m[36mentries/endpoints/api/cron/spegelvattnet/_server.ts.js                          [39m[1m[2m  1.32 kB[22m[1m[22m
[2m.svelte-kit/output/server/[22m[36mentries/pages/spegelvattnet/_page.server.ts.js                                  [39m[1m[2m  1.34 kB[22m[1m[22m
[2m.svelte-kit/output/server/[22m[36mentries/pages/framsteg/_page.server.ts.js                                       [39m[1m[2m  1.37 kB[22m[1m[22m
[2m.svelte-kit/output/server/[22m[36mchunks/PortalSubnav.js                                                          [39m[1m[2m  1.37 kB[22m[1m[22m
[2m.svelte-kit/output/server/[22m[36mchunks/index.js                                                                 [39m[1m[2m  1.41 kB[22m[1m[22m
[2m.svelte-kit/output/server/[22m[36mchunks/BreadcrumbSchema.js                                                      [39m[1m[2m  1.50 kB[22m[1m[22m
[2m.svelte-kit/output/server/[22m[36mchunks/BlogArticle.js                                                           [39m[1m[2m  1.53 kB[22m[1m[22m
[2m.svelte-kit/output/server/[22m[36mentries/pages/dagars-avtryck/checkin/_page.svelte.js                            [39m[1m[2m  1.54 kB[22m[1m[22m
[2m.svelte-kit/output/server/[22m[36mchunks/equality.js                                                              [39m[1m[2m  1.57 kB[22m[1m[22m
[2m.svelte-kit/output/server/[22m[36mentries/pages/dashboard/installningar/_page.svelte.js                           [39m[1m[2m  1.58 kB[22m[1m[22m
[2m.svelte-kit/output/server/[22m[36mentries/endpoints/api/layout-summary/_server.ts.js                              [39m[1m[2m  1.59 kB[22m[1m[22m
[2m.svelte-kit/output/server/[22m[36mchunks/TopicGuideSection.js                                                     [39m[1m[2m  1.69 kB[22m[1m[22m
[2m.svelte-kit/output/server/[22m[36mchunks/HealthConsent.js                                                         [39m[1m[2m  1.77 kB[22m[1m[22m
[2m.svelte-kit/output/server/[22m[36mentries/pages/portal/_slug_/_page.svelte.js                                     [39m[1m[2m  1.82 kB[22m[1m[22m
[2m.svelte-kit/output/server/[22m[36mentries/endpoints/api/cron/guest-cleanup/_server.ts.js                          [39m[1m[2m  1.88 kB[22m[1m[22m
[2m.svelte-kit/output/server/[22m[36mentries/endpoints/api/horoscope/_server.ts.js                                   [39m[1m[2m  2.01 kB[22m[1m[22m
[2m.svelte-kit/output/server/[22m[36mentries/endpoints/api/account/delete/_server.ts.js                              [39m[1m[2m  2.02 kB[22m[1m[22m
[2m.svelte-kit/output/server/[22m[36mchunks/PublicTrustPanel.js                                                      [39m[1m[2m  2.10 kB[22m[1m[22m
[2m.svelte-kit/output/server/[22m[36mentries/pages/inlagg/_page.server.ts.js                                         [39m[1m[2m  2.27 kB[22m[1m[22m
[2m.svelte-kit/output/server/[22m[36mentries/pages/dataintrang/_page.svelte.js                                       [39m[1m[2m  2.28 kB[22m[1m[22m
[2m.svelte-kit/output/server/[22m[36mentries/pages/anonyma-berattelser/_page.server.ts.js                            [39m[1m[2m  2.32 kB[22m[1m[22m
[2m.svelte-kit/output/server/[22m[36mchunks/ConsentGate.js                                                           [39m[1m[2m  2.42 kB[22m[1m[22m
[2m.svelte-kit/output/server/[22m[36mentries/endpoints/api/diary/stats-timeline/_server.ts.js                        [39m[1m[2m  2.48 kB[22m[1m[22m
[2m.svelte-kit/output/server/[22m[36mentries/pages/dashboard/gemenskap/_page.server.ts.js                            [39m[1m[2m  2.52 kB[22m[1m[22m
[2m.svelte-kit/output/server/[22m[36mentries/pages/feedback/_page.server.ts.js                                       [39m[1m[2m  2.54 kB[22m[1m[22m
[2m.svelte-kit/output/server/[22m[36mentries/pages/guider/_page.svelte.js                                            [39m[1m[2m  2.54 kB[22m[1m[22m
[2m.svelte-kit/output/server/[22m[36mentries/pages/_error.svelte.js                                                  [39m[1m[2m  2.62 kB[22m[1m[22m
[2m.svelte-kit/output/server/[22m[36mchunks/DiaryHero.js                                                             [39m[1m[2m  2.69 kB[22m[1m[22m
[2m.svelte-kit/output/server/[22m[36mchunks/Breadcrumbs.js                                                           [39m[1m[2m  2.70 kB[22m[1m[22m
[2m.svelte-kit/output/server/[22m[36mentries/pages/skriv/_page.svelte.js                                             [39m[1m[2m  2.71 kB[22m[1m[22m
[2m.svelte-kit/output/server/[22m[36mentries/endpoints/api/diary/heatmap/_server.ts.js                               [39m[1m[2m  2.76 kB[22m[1m[22m
[2m.svelte-kit/output/server/[22m[36mentries/pages/blogg/_slug_/_page.svelte.js                                      [39m[1m[2m  2.83 kB[22m[1m[22m
[2m.svelte-kit/output/server/[22m[36mentries/pages/checkin/_page.svelte.js                                           [39m[1m[2m  2.85 kB[22m[1m[22m
[2m.svelte-kit/output/server/[22m[36mentries/endpoints/api/diary/delete/_server.ts.js                                [39m[1m[2m  2.89 kB[22m[1m[22m
[2m.svelte-kit/output/server/[22m[36mentries/pages/dagbok/checkin/_page.server.ts.js                                 [39m[1m[2m  3.01 kB[22m[1m[22m
[2m.svelte-kit/output/server/[22m[36mentries/endpoints/api/storify/save/_server.ts.js                                [39m[1m[2m  3.04 kB[22m[1m[22m
[2m.svelte-kit/output/server/[22m[36mentries/pages/ovningar/_page.svelte.js                                          [39m[1m[2m  3.04 kB[22m[1m[22m
[2m.svelte-kit/output/server/[22m[36mchunks/soro-articles.js                                                         [39m[1m[2m  3.21 kB[22m[1m[22m
[2m.svelte-kit/output/server/[22m[36mentries/pages/guider/_pillar_/_page.svelte.js                                   [39m[1m[2m  3.28 kB[22m[1m[22m
[2m.svelte-kit/output/server/[22m[36mchunks/unsubscribe.js                                                           [39m[1m[2m  3.36 kB[22m[1m[22m
[2m.svelte-kit/output/server/[22m[36mentries/pages/4-7-8-andning-ovning/_page.svelte.js                              [39m[1m[2m  3.45 kB[22m[1m[22m
[2m.svelte-kit/output/server/[22m[36mentries/pages/blogg/_page.server.ts.js                                          [39m[1m[2m  3.52 kB[22m[1m[22m
[2m.svelte-kit/output/server/[22m[36mentries/pages/angest/_page.server.ts.js                                         [39m[1m[2m  3.53 kB[22m[1m[22m
[2m.svelte-kit/output/server/[22m[36mentries/pages/guider-seo/_pillar_/_page.svelte.js                               [39m[1m[2m  3.57 kB[22m[1m[22m
[2m.svelte-kit/output/server/[22m[36mentries/endpoints/api/notifications/_server.ts.js                               [39m[1m[2m  3.57 kB[22m[1m[22m
[2m.svelte-kit/output/server/[22m[36mentries/endpoints/api/account/sms-preferences/_server.ts.js                     [39m[1m[2m  3.58 kB[22m[1m[22m
[2m.svelte-kit/output/server/[22m[36mentries/endpoints/api/diary/upload/_server.ts.js                                [39m[1m[2m  3.62 kB[22m[1m[22m
[2m.svelte-kit/output/server/[22m[36mentries/endpoints/api/community/report/_server.ts.js                            [39m[1m[2m  3.63 kB[22m[1m[22m
[2m.svelte-kit/output/server/[22m[36mentries/pages/digital-dagbok-for-maende/_page.svelte.js                         [39m[1m[2m  3.63 kB[22m[1m[22m
[2m.svelte-kit/output/server/[22m[36mentries/pages/share/_page.svelte.js                                             [39m[1m[2m  3.65 kB[22m[1m[22m
[2m.svelte-kit/output/server/[22m[36mentries/pages/inlagg/_page.svelte.js                                            [39m[1m[2m  3.65 kB[22m[1m[22m
[2m.svelte-kit/output/server/[22m[36mchunks/UserAvatar.svelte_svelte_type_style_lang.js                              [39m[1m[2m  3.65 kB[22m[1m[22m
[2m.svelte-kit/output/server/[22m[36mentries/pages/journalforing/_page.svelte.js                                     [39m[1m[2m  3.67 kB[22m[1m[22m
[2m.svelte-kit/output/server/[22m[36mentries/endpoints/api/diary/reflect/_server.ts.js                               [39m[1m[2m  3.69 kB[22m[1m[22m
[2m.svelte-kit/output/server/[22m[36mentries/pages/avregistrera/_page.svelte.js                                      [39m[1m[2m  3.71 kB[22m[1m[22m
[2m.svelte-kit/output/server/[22m[36mentries/pages/anonym-dagbok-online/_page.svelte.js                              [39m[1m[2m  3.73 kB[22m[1m[22m
[2m.svelte-kit/output/server/[22m[36mentries/pages/notiser/_page.svelte.js                                           [39m[1m[2m  3.74 kB[22m[1m[22m
[2m.svelte-kit/output/server/[22m[36mentries/pages/qr/_page.svelte.js                                                [39m[1m[2m  3.78 kB[22m[1m[22m
[2m.svelte-kit/output/server/[22m[36mentries/pages/trauma/_page.svelte.js                                            [39m[1m[2m  3.84 kB[22m[1m[22m
[2m.svelte-kit/output/server/[22m[36mentries/endpoints/api/diary/streak/_server.ts.js                                [39m[1m[2m  3.85 kB[22m[1m[22m
[2m.svelte-kit/output/server/[22m[36mentries/pages/admin/stories/_page.server.ts.js                                  [39m[1m[2m  3.89 kB[22m[1m[22m
[2m.svelte-kit/output/server/[22m[36mentries/pages/ansvar/_page.svelte.js                                            [39m[1m[2m  3.93 kB[22m[1m[22m
[2m.svelte-kit/output/server/[22m[36mentries/pages/avregistrera/_page.server.ts.js                                   [39m[1m[2m  3.98 kB[22m[1m[22m
[2m.svelte-kit/output/server/[22m[36mentries/endpoints/api/diary/update/_server.ts.js                                [39m[1m[2m  4.00 kB[22m[1m[22m
[2m.svelte-kit/output/server/[22m[36mentries/pages/premium/_page.svelte.js                                           [39m[1m[2m  4.00 kB[22m[1m[22m
[2m.svelte-kit/output/server/[22m[36mentries/pages/login/_page.svelte.js                                             [39m[1m[2m  4.00 kB[22m[1m[22m
[2m.svelte-kit/output/server/[22m[36mentries/pages/ai-samtalsstod-online/_page.svelte.js                             [39m[1m[2m  4.06 kB[22m[1m[22m
[2m.svelte-kit/output/server/[22m[36mentries/pages/tillganglighet/_page.svelte.js                                    [39m[1m[2m  4.07 kB[22m[1m[22m
[2m.svelte-kit/output/server/[22m[36mchunks/admin-system.js                                                          [39m[1m[2m  4.10 kB[22m[1m[22m
[2m.svelte-kit/output/server/[22m[36mentries/pages/akademin/_page.svelte.js                                          [39m[1m[2m  4.13 kB[22m[1m[22m
[2m.svelte-kit/output/server/[22m[36mentries/endpoints/api/diary/weekly-summary/_server.ts.js                        [39m[1m[2m  4.13 kB[22m[1m[22m
[2m.svelte-kit/output/server/[22m[36mentries/pages/sjalvkansla/_page.svelte.js                                       [39m[1m[2m  4.18 kB[22m[1m[22m
[2m.svelte-kit/output/server/[22m[36mentries/pages/sovproblem/_page.svelte.js                                        [39m[1m[2m  4.24 kB[22m[1m[22m
[2m.svelte-kit/output/server/[22m[36mentries/pages/kbt/_page.svelte.js                                               [39m[1m[2m  4.28 kB[22m[1m[22m
[2m.svelte-kit/output/server/[22m[36mchunks/ContentTrustBlock.js                                                     [39m[1m[2m  4.28 kB[22m[1m[22m
[2m.svelte-kit/output/server/[22m[36mentries/pages/register/_page.svelte.js                                          [39m[1m[2m  4.32 kB[22m[1m[22m
[2m.svelte-kit/output/server/[22m[36mentries/pages/exponering-ovningar-mot-angest/_page.svelte.js                    [39m[1m[2m  4.43 kB[22m[1m[22m
[2m.svelte-kit/output/server/[22m[36mentries/endpoints/api/hibp/breaches/_server.ts.js                               [39m[1m[2m  4.49 kB[22m[1m[22m
[2m.svelte-kit/output/server/[22m[36mentries/pages/nedstamdhet/_page.svelte.js                                       [39m[1m[2m  4.49 kB[22m[1m[22m
[2m.svelte-kit/output/server/[22m[36mentries/pages/andningsovningar-mot-angest/_page.svelte.js                       [39m[1m[2m  4.54 kB[22m[1m[22m
[2m.svelte-kit/output/server/[22m[36mentries/pages/tiktok/_page.svelte.js                                            [39m[1m[2m  4.62 kB[22m[1m[22m
[2m.svelte-kit/output/server/[22m[36mentries/pages/ensamhet/_page.svelte.js                                          [39m[1m[2m  4.71 kB[22m[1m[22m
[2m.svelte-kit/output/server/[22m[36mentries/pages/samtalsstod-utan-vantetid/samtalsstod-vid-trauma/_page.svelte.js  [39m[1m[2m  4.73 kB[22m[1m[22m
[2m.svelte-kit/output/server/[22m[36mentries/pages/stress/_page.svelte.js                                            [39m[1m[2m  4.74 kB[22m[1m[22m
[2m.svelte-kit/output/server/[22m[36mentries/pages/anonyma-berattelser/dela/_page.svelte.js                          [39m[1m[2m  4.75 kB[22m[1m[22m
[2m.svelte-kit/output/server/[22m[36mentries/pages/oro/_page.svelte.js                                               [39m[1m[2m  4.84 kB[22m[1m[22m
[2m.svelte-kit/output/server/[22m[36mentries/pages/spegelvattnet/_page.svelte.js                                     [39m[1m[2m  4.85 kB[22m[1m[22m
[2m.svelte-kit/output/server/[22m[36mchunks/SeoSupportPage.js                                                        [39m[1m[2m  4.89 kB[22m[1m[22m
[2m.svelte-kit/output/server/[22m[36mchunks/internal.js                                                              [39m[1m[2m  5.04 kB[22m[1m[22m
[2m.svelte-kit/output/server/[22m[36mentries/pages/hjalp-vid-angest-online/_page.svelte.js                           [39m[1m[2m  5.05 kB[22m[1m[22m
[2m.svelte-kit/output/server/[22m[36mentries/pages/depression/_page.svelte.js                                        [39m[1m[2m  5.07 kB[22m[1m[22m
[2m.svelte-kit/output/server/[22m[36mentries/pages/humorsparning/_page.svelte.js                                     [39m[1m[2m  5.09 kB[22m[1m[22m
[2m.svelte-kit/output/server/[22m[36mentries/pages/chat/_page.svelte.js                                              [39m[1m[2m  5.20 kB[22m[1m[22m
[2m.svelte-kit/output/server/[22m[36mentries/pages/panikattack/_page.svelte.js                                       [39m[1m[2m  5.21 kB[22m[1m[22m
[2m.svelte-kit/output/server/[22m[36mentries/pages/sa-arbetar-vi-med-innehall/_page.svelte.js                        [39m[1m[2m  5.46 kB[22m[1m[22m
[2m.svelte-kit/output/server/[22m[36mentries/pages/sok/_page.svelte.js                                               [39m[1m[2m  5.50 kB[22m[1m[22m
[2m.svelte-kit/output/server/[22m[36mentries/pages/redaktionell-metod/_page.svelte.js                                [39m[1m[2m  5.51 kB[22m[1m[22m
[2m.svelte-kit/output/server/[22m[36mchunks/exports.js                                                               [39m[1m[2m  5.54 kB[22m[1m[22m
[2m.svelte-kit/output/server/[22m[36mentries/endpoints/api/movement/daily/_server.ts.js                              [39m[1m[2m  5.60 kB[22m[1m[22m
[2m.svelte-kit/output/server/[22m[36mentries/endpoints/api/analytics/_server.ts.js                                   [39m[1m[2m  5.67 kB[22m[1m[22m
[2m.svelte-kit/output/server/[22m[36mchunks/progressCompanion.js                                                     [39m[1m[2m  5.76 kB[22m[1m[22m
[2m.svelte-kit/output/server/[22m[36mentries/pages/ovningar/_tool_/_page.svelte.js                                   [39m[1m[2m  5.87 kB[22m[1m[22m
[2m.svelte-kit/output/server/[22m[36mentries/pages/sa-fungerar-mittpsyke/_page.svelte.js                             [39m[1m[2m  5.88 kB[22m[1m[22m
[2m.svelte-kit/output/server/[22m[36mentries/endpoints/api/stories/submit/_server.ts.js                              [39m[1m[2m  5.98 kB[22m[1m[22m
[2m.svelte-kit/output/server/[22m[36mentries/pages/guider/dagbok-och-reflektion/_page.svelte.js                      [39m[1m[2m  6.03 kB[22m[1m[22m
[2m.svelte-kit/output/server/[22m[36mentries/pages/blogg/_page.svelte.js                                             [39m[1m[2m  6.11 kB[22m[1m[22m
[2m.svelte-kit/output/server/[22m[36mentries/endpoints/api/community/unshare/_server.ts.js                           [39m[1m[2m  6.13 kB[22m[1m[22m
[2m.svelte-kit/output/server/[22m[36mentries/pages/kontakt-och-villkor/_page.svelte.js                               [39m[1m[2m  6.19 kB[22m[1m[22m
[2m.svelte-kit/output/server/[22m[36mentries/pages/blogg/_slug_/_page.server.ts.js                                   [39m[1m[2m  6.29 kB[22m[1m[22m
[2m.svelte-kit/output/server/[22m[36mentries/endpoints/api/diary/create/_server.ts.js                                [39m[1m[2m  6.40 kB[22m[1m[22m
[2m.svelte-kit/output/server/[22m[36mentries/pages/for-organisationer/_page.svelte.js                                [39m[1m[2m  6.52 kB[22m[1m[22m
[2m.svelte-kit/output/server/[22m[36mentries/endpoints/api/storify/chat/_server.ts.js                                [39m[1m[2m  6.71 kB[22m[1m[22m
[2m.svelte-kit/output/server/[22m[36mentries/endpoints/api/diary/checkin-reflection/_server.ts.js                    [39m[1m[2m  6.79 kB[22m[1m[22m
[2m.svelte-kit/output/server/[22m[36mentries/pages/admin/stories/_page.svelte.js                                     [39m[1m[2m  6.81 kB[22m[1m[22m
[2m.svelte-kit/output/server/[22m[36mentries/pages/feedback/_page.svelte.js                                          [39m[1m[2m  6.93 kB[22m[1m[22m
[2m.svelte-kit/output/server/[22m[36mentries/pages/anonyma-berattelser/_page.svelte.js                               [39m[1m[2m  7.10 kB[22m[1m[22m
[2m.svelte-kit/output/server/[22m[36mentries/endpoints/api/community/comments/_server.ts.js                          [39m[1m[2m  7.51 kB[22m[1m[22m
[2m.svelte-kit/output/server/[22m[36mentries/pages/angst/_page.svelte.js                                             [39m[1m[2m  7.58 kB[22m[1m[22m
[2m.svelte-kit/output/server/[22m[36mchunks/SeoPillarLanding.js                                                      [39m[1m[2m  7.62 kB[22m[1m[22m
[2m.svelte-kit/output/server/[22m[36mentries/pages/dagbok/_page.svelte.js                                            [39m[1m[2m  7.93 kB[22m[1m[22m
[2m.svelte-kit/output/server/[22m[36mchunks/GuideActionCta.js                                                        [39m[1m[2m  7.97 kB[22m[1m[22m
[2m.svelte-kit/output/server/[22m[36mentries/pages/angest/_page.svelte.js                                            [39m[1m[2m  8.00 kB[22m[1m[22m
[2m.svelte-kit/output/server/[22m[36mchunks/leaf.js                                                                  [39m[1m[2m  8.01 kB[22m[1m[22m
[2m.svelte-kit/output/server/[22m[36mentries/pages/dashboard/_page.server.ts.js                                      [39m[1m[2m  8.14 kB[22m[1m[22m
[2m.svelte-kit/output/server/[22m[36mentries/pages/om-skaparen/_page.svelte.js                                       [39m[1m[2m  8.23 kB[22m[1m[22m
[2m.svelte-kit/output/server/[22m[36mentries/pages/guider-seo/_pillar_/_guide_/_page.svelte.js                       [39m[1m[2m  8.25 kB[22m[1m[22m
[2m.svelte-kit/output/server/[22m[36mentries/pages/guider/_pillar_/_guide_/_page.svelte.js                           [39m[1m[2m  8.37 kB[22m[1m[22m
[2m.svelte-kit/output/server/[22m[36mentries/hooks.server.js                                                         [39m[1m[2m  8.44 kB[22m[1m[22m
[2m.svelte-kit/output/server/[22m[36mentries/pages/blogg/vad-ar-journalterapi/_page.svelte.js                        [39m[1m[2m  8.91 kB[22m[1m[22m
[2m.svelte-kit/output/server/[22m[36mentries/pages/cookies-och-leverantorer/_page.svelte.js                          [39m[1m[2m  9.12 kB[22m[1m[22m
[2m.svelte-kit/output/server/[22m[36mchunks/Icon.js                                                                  [39m[1m[2m  9.18 kB[22m[1m[22m
[2m.svelte-kit/output/server/[22m[36mentries/pages/blogg/kbt-dagbok-vs-fri-journalforing/_page.svelte.js             [39m[1m[2m  9.73 kB[22m[1m[22m
[2m.svelte-kit/output/server/[22m[36mentries/pages/blogg/ai-hjalper-dig-bearbeta-kanslor/_page.svelte.js             [39m[1m[2m 10.15 kB[22m[1m[22m
[2m.svelte-kit/output/server/[22m[36mentries/endpoints/sitemap.xml/_server.ts.js                                     [39m[1m[2m 10.23 kB[22m[1m[22m
[2m.svelte-kit/output/server/[22m[36mentries/pages/admin/_page.svelte.js                                             [39m[1m[2m 11.98 kB[22m[1m[22m
[2m.svelte-kit/output/server/[22m[36mchunks/sparkles.js                                                              [39m[1m[2m 12.20 kB[22m[1m[22m
[2m.svelte-kit/output/server/[22m[36mentries/pages/guider/anonym-dagbok-online/_page.svelte.js                       [39m[1m[2m 12.87 kB[22m[1m[22m
[2m.svelte-kit/output/server/[22m[36mchunks/daily-question.js                                                        [39m[1m[2m 13.86 kB[22m[1m[22m
[2m.svelte-kit/output/server/[22m[36mentries/endpoints/api/diary/milestones/_server.ts.js                            [39m[1m[2m 15.39 kB[22m[1m[22m
[2m.svelte-kit/output/server/[22m[36mchunks/spegelvattnet.js                                                         [39m[1m[2m 15.48 kB[22m[1m[22m
[2m.svelte-kit/output/server/[22m[36mchunks/LivingWorld.js                                                           [39m[1m[2m 16.08 kB[22m[1m[22m
[2m.svelte-kit/output/server/[22m[36mentries/pages/dagars-avtryck/_page.svelte.js                                    [39m[1m[2m 17.79 kB[22m[1m[22m
[2m.svelte-kit/output/server/[22m[36mentries/pages/om-mittpsyke/_page.svelte.js                                      [39m[1m[2m 18.62 kB[22m[1m[22m
[2m.svelte-kit/output/server/[22m[36mentries/pages/integritet/_page.svelte.js                                        [39m[1m[2m 19.03 kB[22m[1m[22m
[2m.svelte-kit/output/server/[22m[36mentries/pages/admin/_page.server.ts.js                                          [39m[1m[2m 19.86 kB[22m[1m[22m
[2m.svelte-kit/output/server/[22m[36mentries/pages/_layout.svelte.js                                                 [39m[1m[2m 21.09 kB[22m[1m[22m
[2m.svelte-kit/output/server/[22m[36mentries/pages/dashboard/gemenskap/_page.svelte.js                               [39m[1m[2m 21.87 kB[22m[1m[22m
[2m.svelte-kit/output/server/[22m[36mentries/endpoints/api/diary/insights/_server.ts.js                              [39m[1m[2m 25.93 kB[22m[1m[22m
[2m.svelte-kit/output/server/[22m[36mchunks/seo-architecture.js                                                      [39m[1m[2m 27.75 kB[22m[1m[22m
[2m.svelte-kit/output/server/[22m[36mchunks/root.js                                                                  [39m[1m[2m 28.19 kB[22m[1m[22m
[2m.svelte-kit/output/server/[22m[36mentries/pages/dashboard/_page.svelte.js                                         [39m[1m[2m 29.57 kB[22m[1m[22m
[2m.svelte-kit/output/server/[22m[36mchunks/utils.js                                                                 [39m[1m[2m 33.99 kB[22m[1m[22m
[2m.svelte-kit/output/server/[22m[36mentries/endpoints/api/chat/_server.ts.js                                        [39m[1m[2m 35.59 kB[22m[1m[22m
[2m.svelte-kit/output/server/[22m[36mremote-entry.js                                                                 [39m[1m[2m 36.78 kB[22m[1m[22m
[2m.svelte-kit/output/server/[22m[36mentries/pages/_page.svelte.js                                                   [39m[1m[2m 38.62 kB[22m[1m[22m
[2m.svelte-kit/output/server/[22m[36mentries/pages/chat/_category_/_page.svelte.js                                   [39m[1m[2m 38.63 kB[22m[1m[22m
[2m.svelte-kit/output/server/[22m[36mentries/pages/dagbok/checkin/_page.svelte.js                                    [39m[1m[2m 38.69 kB[22m[1m[22m
[2m.svelte-kit/output/server/[22m[36mentries/pages/framsteg/_page.svelte.js                                          [39m[1m[2m 40.05 kB[22m[1m[22m
[2m.svelte-kit/output/server/[22m[36mchunks/seo-support-pages.js                                                     [39m[1m[2m 71.55 kB[22m[1m[22m
[2m.svelte-kit/output/server/[22m[36mchunks/index2.js                                                                [39m[1m[2m100.32 kB[22m[1m[22m
[2m.svelte-kit/output/server/[22m[36mentries/endpoints/api/storify/generate/_server.ts.js                            [39m[1m[2m115.38 kB[22m[1m[22m
[2m.svelte-kit/output/server/[22m[36mindex.js                                                                        [39m[1m[2m130.83 kB[22m[1m[22m
[2m.svelte-kit/output/server/[22m[36mchunks/content.js                                                               [39m[1m[2m270.44 kB[22m[1m[22m
[32m✓ built in 53.46s[39m

Run npm run preview to preview your production build locally.

> Using @sveltejs/adapter-node
  ✔ done
